******************************************************************************
                  TI ARM Linker PC v20.2.7                     
******************************************************************************
>> Linked Wed Oct 23 23:06:52 2024

OUTPUT FILE NAME:   <FreeRtos_Demos.out>
ENTRY POINT SYMBOL: "_c_int00_noargs"  address: 000023ad


MEMORY CONFIGURATION

         name            origin    length      used     unused   attr    fill
----------------------  --------  ---------  --------  --------  ----  --------
  FLASH                 00000000   00040000  00002926  0003d6da  R  X
  SRAM                  20000000   00008000  0000046c  00007b94  RW X


SEGMENT ALLOCATION MAP

run origin  load origin   length   init length attrs members
----------  ----------- ---------- ----------- ----- -------
00000000    00000000    0000292c   0000292c    r-x
  00000000    00000000    0000026c   0000026c    r-- .intvecs
  0000026c    0000026c    000021c2   000021c2    r-x .text
  00002430    00002430    000004e4   000004e4    r-- .const
  00002918    00002918    00000014   00000014    r-- .cinit
20000000    20000000    00000470   00000000    rw-
  20000000    20000000    0000026c   00000000    rw- .vtable
  20000270    20000270    00000200   00000000    rw- .stack


SECTION ALLOCATION MAP

 output                                  attributes/
section   page    origin      length       input sections
--------  ----  ----------  ----------   ----------------
.intvecs   0    00000000    0000026c     
                  00000000    0000026c     tm4c123gh6pm_startup_ccs.obj (.intvecs)

.text      0    0000026c    000021c2     
                  0000026c    00000f80     sysctl.obj (.text)
                  000011ec    00000c14     gpio.obj (.text)
                  00001e00    00000362     ssi.obj (.text)
                  00002162    00000002     driverlib.lib : interrupt.obj (.text:_IntDefaultHandler)
                  00002164    00000100     main.obj (.text)
                  00002264    00000068     driverlib.lib : interrupt.obj (.text:IntDisable)
                  000022cc    00000068                   : interrupt.obj (.text:IntEnable)
                  00002334    00000044     rtsv7M4_T_le_v4SPD16_eabi.lib : autoinit.c.obj (.text:__TI_auto_init_nobinit_nopinit:__TI_auto_init_nobinit_nopinit)
                  00002378    00000034     driverlib.lib : interrupt.obj (.text:IntRegister)
                  000023ac    00000034     rtsv7M4_T_le_v4SPD16_eabi.lib : boot_cortex_m.c.obj (.text:_c_int00_noargs:_c_int00_noargs)
                  000023e0    0000001c                                   : copy_zero_init.c.obj (.text:decompress:ZI:__TI_zero_init_nomemset:__TI_zero_init_nomemset)
                  000023fc    00000014     driverlib.lib : interrupt.obj (.text:IntUnregister)
                  00002410    0000000c     tm4c123gh6pm_startup_ccs.obj (.text)
                  0000241c    00000006     sysctl.obj (.text:SysCtlDelay)
                  00002422    00000004     driverlib.lib : cpu.obj (.text:CPUwfi)
                  00002426    00000004     rtsv7M4_T_le_v4SPD16_eabi.lib : pre_init.c.obj (.text:_system_pre_init)
                  0000242a    00000004                                   : exit.c.obj (.text:abort:abort)

.const     0    00002430    000004e4     
                  00002430    000001b0     sysctl.obj (.const:g_pppui32XTALtoVCO)
                  000025e0    000000d8     gpio.obj (.const:g_ppui32GPIOIntMapSnowflake)
                  000026b8    000000c0     gpio.obj (.const:g_ppui32GPIOIntMapBlizzard)
                  00002778    00000090     gpio.obj (.const:g_pui32GPIOBaseAddrs)
                  00002808    0000006c     sysctl.obj (.const:g_pui32Xtals)
                  00002874    00000030     sysctl.obj (.const:g_sXTALtoMEMTIM)
                  000028a4    00000020     ssi.obj (.const:g_ppui32SSIIntMap)
                  000028c4    00000020     ssi.obj (.const:g_ppui32SSIIntMapSnowflake)
                  000028e4    00000014     driverlib.lib : interrupt.obj (.const:g_pui32Dii16Regs)
                  000028f8    00000014                   : interrupt.obj (.const:g_pui32EnRegs)
                  0000290c    00000008     sysctl.obj (.const:g_pui32VCOFrequencies)

.cinit     0    00002918    00000014     
                  00002918    00000008     (.cinit..vtable.load) [load image, compression = zero_init]
                  00002920    00000004     (__TI_handler_table)
                  00002924    00000008     (__TI_cinit_table)

.init_array 
*          0    00000000    00000000     UNINITIALIZED

.vtable    0    20000000    0000026c     UNINITIALIZED
                  20000000    0000026c     driverlib.lib : interrupt.obj (.vtable)

.stack     0    20000270    00000200     UNINITIALIZED
                  20000270    00000004     rtsv7M4_T_le_v4SPD16_eabi.lib : boot_cortex_m.c.obj (.stack)
                  20000274    000001fc     --HOLE--

__llvm_prf_cnts 
*          0    20000000    00000000     UNINITIALIZED

MODULE SUMMARY

       Module                         code   ro data   rw data
       ------                         ----   -------   -------
    .\
       sysctl.obj                     3974   596       0      
       gpio.obj                       3092   552       0      
       ssi.obj                        866    64        0      
       tm4c123gh6pm_startup_ccs.obj   12     620       0      
       main.obj                       256    0         0      
    +--+------------------------------+------+---------+---------+
       Total:                         8200   1832      0      
                                                              
    ../driverlib.lib
       interrupt.obj                  282    40        620    
       cpu.obj                        4      0         0      
    +--+------------------------------+------+---------+---------+
       Total:                         286    40        620    
                                                              
    C:\ti\ccs1281\ccs\tools\compiler\ti-cgt-arm_20.2.7.LTS\lib\rtsv7M4_T_le_v4SPD16_eabi.lib
       autoinit.c.obj                 68     0         0      
       boot_cortex_m.c.obj            52     0         0      
       copy_zero_init.c.obj           28     0         0      
       exit.c.obj                     4      0         0      
       pre_init.c.obj                 4      0         0      
    +--+------------------------------+------+---------+---------+
       Total:                         156    0         0      
                                                              
       Stack:                         0      0         512    
       Linker Generated:              0      20        0      
    +--+------------------------------+------+---------+---------+
       Grand Total:                   8642   1892      1132   


LINKER GENERATED COPY TABLES

__TI_cinit_table @ 00002924 records: 1, size/record: 8, table size: 8
	.vtable: load addr=00002918, load size=00000008 bytes, run addr=20000000, run size=0000026c bytes, compression=zero_init


LINKER GENERATED HANDLER TABLE

__TI_handler_table @ 00002920 records: 1, size/record: 4, table size: 4
	index: 0, handler: __TI_zero_init


GLOBAL SYMBOLS: SORTED ALPHABETICALLY BY Name 

address   name                            
-------   ----                            
0000242b  C$$EXIT                         
00002423  CPUwfi                          
00001db1  GPIOADCTriggerDisable           
00001d93  GPIOADCTriggerEnable            
00001d75  GPIODMATriggerDisable           
00001d57  GPIODMATriggerEnable            
000012a7  GPIODirModeGet                  
0000124b  GPIODirModeSet                  
00001861  GPIOIntClear                    
00001825  GPIOIntDisable                  
00001801  GPIOIntEnable                   
00001875  GPIOIntRegister                 
000018ad  GPIOIntRegisterPin              
0000183f  GPIOIntStatus                   
00001397  GPIOIntTypeGet                  
000012f3  GPIOIntTypeSet                  
00001893  GPIOIntUnregister               
000018db  GPIOIntUnregisterPin            
0000168f  GPIOPadConfigGet                
00001421  GPIOPadConfigSet                
00001cf9  GPIOPinConfigure                
000018ff  GPIOPinRead                     
00001937  GPIOPinTypeADC                  
0000195b  GPIOPinTypeCAN                  
0000197f  GPIOPinTypeComparator           
000019a3  GPIOPinTypeComparatorOutput     
000019c7  GPIOPinTypeDIVSCLK              
000019eb  GPIOPinTypeEPI                  
00001a0f  GPIOPinTypeEthernetLED          
00001a33  GPIOPinTypeEthernetMII          
00001a57  GPIOPinTypeGPIOInput            
00001a7b  GPIOPinTypeGPIOOutput           
00001aa5  GPIOPinTypeGPIOOutputOD         
00001ac9  GPIOPinTypeHibernateRTCCLK      
00001aed  GPIOPinTypeI2C                  
00001b11  GPIOPinTypeI2CSCL               
00001b35  GPIOPinTypeLCD                  
00001b59  GPIOPinTypeOneWire              
00001b7d  GPIOPinTypePWM                  
00001ba1  GPIOPinTypeQEI                  
00001bc5  GPIOPinTypeSSI                  
00001be9  GPIOPinTypeTimer                
00001c0d  GPIOPinTypeTrace                
00001c31  GPIOPinTypeUART                 
00001c55  GPIOPinTypeUSBAnalog            
00001c79  GPIOPinTypeUSBDigital           
00001c9d  GPIOPinTypeWakeHigh             
00001cc3  GPIOPinTypeWakeLow              
00001ce9  GPIOPinWakeStatus               
00001917  GPIOPinWrite                    
00001dcf  GPIOUnlockPin                   
00002265  IntDisable                      
000022cd  IntEnable                       
00002379  IntRegister                     
000023fd  IntUnregister                   
000021fb  LEDConfig                       
00002411  ResetISR                        
00002165  SPI_Init                        
000021e9  SPI_ReceiveData                 
000021d1  SPI_SendData                    
000020b9  SSIAdvDataPutFrameEnd           
000020df  SSIAdvDataPutFrameEndNonBlocking
00002121  SSIAdvFrameHoldDisable          
0000210b  SSIAdvFrameHoldEnable           
00002087  SSIAdvModeSet                   
00002045  SSIBusy                         
00002077  SSIClockSourceGet               
00002063  SSIClockSourceSet               
00001e5f  SSIConfigSetExpClk              
0000202d  SSIDMADisable                   
00002015  SSIDMAEnable                    
00001fd7  SSIDataGet                      
00001ff3  SSIDataGetNonBlocking           
00001f9d  SSIDataPut                      
00001fb7  SSIDataPutNonBlocking           
00001eef  SSIDisable                      
00001ed9  SSIEnable                       
00001f8b  SSIIntClear                     
00001f55  SSIIntDisable                   
00001f3d  SSIIntEnable                    
00001f05  SSIIntRegister                  
00001f6d  SSIIntStatus                    
00001f23  SSIIntUnregister                
0000214d  SSILoopbackDisable              
00002137  SSILoopbackEnable               
000011a9  SysCtlAltClkConfig              
000008d1  SysCtlClockFreqSet              
00000d99  SysCtlClockGet                  
0000118d  SysCtlClockOutConfig            
00000bc9  SysCtlClockSet                  
000007d5  SysCtlDeepSleep                 
00000f5d  SysCtlDeepSleepClockConfigSet   
00000f3f  SysCtlDeepSleepClockSet         
000007b5  SysCtlDeepSleepPowerSet         
0000241d  SysCtlDelay                     
00000363  SysCtlFlashSectorSizeGet        
00000337  SysCtlFlashSizeGet              
00001033  SysCtlGPIOAHBDisable            
00001017  SysCtlGPIOAHBEnable             
00000749  SysCtlIntClear                  
00000731  SysCtlIntDisable                
0000071d  SysCtlIntEnable                 
000006f5  SysCtlIntRegister               
00000759  SysCtlIntStatus                 
0000070d  SysCtlIntUnregister             
0000079b  SysCtlLDODeepSleepGet           
0000078b  SysCtlLDODeepSleepSet           
00000785  SysCtlLDOSleepGet               
00000775  SysCtlLDOSleepSet               
0000080b  SysCtlMOSCConfigSet             
00001171  SysCtlNMIClear                  
0000115d  SysCtlNMIStatus                 
00000821  SysCtlPIOSCCalibrate            
00001001  SysCtlPWMClockGet               
00000fe7  SysCtlPWMClockSet               
000006a1  SysCtlPeripheralClockGating     
00000659  SysCtlPeripheralDeepSleepDisable
00000609  SysCtlPeripheralDeepSleepEnable 
00000545  SysCtlPeripheralDisable         
00000509  SysCtlPeripheralEnable          
00000445  SysCtlPeripheralPowerOff        
00000409  SysCtlPeripheralPowerOn         
00000389  SysCtlPeripheralPresent         
000003c9  SysCtlPeripheralReady           
00000481  SysCtlPeripheralReset           
000005cd  SysCtlPeripheralSleepDisable    
00000589  SysCtlPeripheralSleepEnable     
000007c5  SysCtlReset                     
00000881  SysCtlResetBehaviorGet          
00000871  SysCtlResetBehaviorSet          
000007f7  SysCtlResetCauseClear           
000007f1  SysCtlResetCauseGet             
0000032d  SysCtlSRAMSizeGet               
000007cd  SysCtlSleep                     
000007a1  SysCtlSleepPowerSet             
0000105b  SysCtlUSBPLLDisable             
0000104f  SysCtlUSBPLLEnable              
000010a1  SysCtlVCOGet                    
00001089  SysCtlVoltageEventClear         
0000106d  SysCtlVoltageEventConfig        
0000107d  SysCtlVoltageEventStatus        
20000470  __STACK_END                     
00000200  __STACK_SIZE                    
20000470  __STACK_TOP                     
00002924  __TI_CINIT_Base                 
0000292c  __TI_CINIT_Limit                
00002920  __TI_Handler_Table_Base         
00002924  __TI_Handler_Table_Limit        
00002335  __TI_auto_init_nobinit_nopinit  
ffffffff  __TI_pprof_out_hndl             
ffffffff  __TI_prof_data_size             
ffffffff  __TI_prof_data_start            
00000000  __TI_static_base__              
000023e1  __TI_zero_init_nomemset         
ffffffff  __binit__                       
ffffffff  __c_args__                      
UNDEFED   __mpu_init                      
20000270  __stack                         
20000000  __start___llvm_prf_cnts         
20000000  __stop___llvm_prf_cnts          
000023ad  _c_int00_noargs                 
UNDEFED   _system_post_cinit              
00002427  _system_pre_init                
0000242b  abort                           
ffffffff  binit                           
20000000  g_pfnRAMVectors                 
00000000  g_pfnVectors                    
0000220d  main                            


GLOBAL SYMBOLS: SORTED BY Symbol Address 

address   name                            
-------   ----                            
00000000  __TI_static_base__              
00000000  g_pfnVectors                    
00000200  __STACK_SIZE                    
0000032d  SysCtlSRAMSizeGet               
00000337  SysCtlFlashSizeGet              
00000363  SysCtlFlashSectorSizeGet        
00000389  SysCtlPeripheralPresent         
000003c9  SysCtlPeripheralReady           
00000409  SysCtlPeripheralPowerOn         
00000445  SysCtlPeripheralPowerOff        
00000481  SysCtlPeripheralReset           
00000509  SysCtlPeripheralEnable          
00000545  SysCtlPeripheralDisable         
00000589  SysCtlPeripheralSleepEnable     
000005cd  SysCtlPeripheralSleepDisable    
00000609  SysCtlPeripheralDeepSleepEnable 
00000659  SysCtlPeripheralDeepSleepDisable
000006a1  SysCtlPeripheralClockGating     
000006f5  SysCtlIntRegister               
0000070d  SysCtlIntUnregister             
0000071d  SysCtlIntEnable                 
00000731  SysCtlIntDisable                
00000749  SysCtlIntClear                  
00000759  SysCtlIntStatus                 
00000775  SysCtlLDOSleepSet               
00000785  SysCtlLDOSleepGet               
0000078b  SysCtlLDODeepSleepSet           
0000079b  SysCtlLDODeepSleepGet           
000007a1  SysCtlSleepPowerSet             
000007b5  SysCtlDeepSleepPowerSet         
000007c5  SysCtlReset                     
000007cd  SysCtlSleep                     
000007d5  SysCtlDeepSleep                 
000007f1  SysCtlResetCauseGet             
000007f7  SysCtlResetCauseClear           
0000080b  SysCtlMOSCConfigSet             
00000821  SysCtlPIOSCCalibrate            
00000871  SysCtlResetBehaviorSet          
00000881  SysCtlResetBehaviorGet          
000008d1  SysCtlClockFreqSet              
00000bc9  SysCtlClockSet                  
00000d99  SysCtlClockGet                  
00000f3f  SysCtlDeepSleepClockSet         
00000f5d  SysCtlDeepSleepClockConfigSet   
00000fe7  SysCtlPWMClockSet               
00001001  SysCtlPWMClockGet               
00001017  SysCtlGPIOAHBEnable             
00001033  SysCtlGPIOAHBDisable            
0000104f  SysCtlUSBPLLEnable              
0000105b  SysCtlUSBPLLDisable             
0000106d  SysCtlVoltageEventConfig        
0000107d  SysCtlVoltageEventStatus        
00001089  SysCtlVoltageEventClear         
000010a1  SysCtlVCOGet                    
0000115d  SysCtlNMIStatus                 
00001171  SysCtlNMIClear                  
0000118d  SysCtlClockOutConfig            
000011a9  SysCtlAltClkConfig              
0000124b  GPIODirModeSet                  
000012a7  GPIODirModeGet                  
000012f3  GPIOIntTypeSet                  
00001397  GPIOIntTypeGet                  
00001421  GPIOPadConfigSet                
0000168f  GPIOPadConfigGet                
00001801  GPIOIntEnable                   
00001825  GPIOIntDisable                  
0000183f  GPIOIntStatus                   
00001861  GPIOIntClear                    
00001875  GPIOIntRegister                 
00001893  GPIOIntUnregister               
000018ad  GPIOIntRegisterPin              
000018db  GPIOIntUnregisterPin            
000018ff  GPIOPinRead                     
00001917  GPIOPinWrite                    
00001937  GPIOPinTypeADC                  
0000195b  GPIOPinTypeCAN                  
0000197f  GPIOPinTypeComparator           
000019a3  GPIOPinTypeComparatorOutput     
000019c7  GPIOPinTypeDIVSCLK              
000019eb  GPIOPinTypeEPI                  
00001a0f  GPIOPinTypeEthernetLED          
00001a33  GPIOPinTypeEthernetMII          
00001a57  GPIOPinTypeGPIOInput            
00001a7b  GPIOPinTypeGPIOOutput           
00001aa5  GPIOPinTypeGPIOOutputOD         
00001ac9  GPIOPinTypeHibernateRTCCLK      
00001aed  GPIOPinTypeI2C                  
00001b11  GPIOPinTypeI2CSCL               
00001b35  GPIOPinTypeLCD                  
00001b59  GPIOPinTypeOneWire              
00001b7d  GPIOPinTypePWM                  
00001ba1  GPIOPinTypeQEI                  
00001bc5  GPIOPinTypeSSI                  
00001be9  GPIOPinTypeTimer                
00001c0d  GPIOPinTypeTrace                
00001c31  GPIOPinTypeUART                 
00001c55  GPIOPinTypeUSBAnalog            
00001c79  GPIOPinTypeUSBDigital           
00001c9d  GPIOPinTypeWakeHigh             
00001cc3  GPIOPinTypeWakeLow              
00001ce9  GPIOPinWakeStatus               
00001cf9  GPIOPinConfigure                
00001d57  GPIODMATriggerEnable            
00001d75  GPIODMATriggerDisable           
00001d93  GPIOADCTriggerEnable            
00001db1  GPIOADCTriggerDisable           
00001dcf  GPIOUnlockPin                   
00001e5f  SSIConfigSetExpClk              
00001ed9  SSIEnable                       
00001eef  SSIDisable                      
00001f05  SSIIntRegister                  
00001f23  SSIIntUnregister                
00001f3d  SSIIntEnable                    
00001f55  SSIIntDisable                   
00001f6d  SSIIntStatus                    
00001f8b  SSIIntClear                     
00001f9d  SSIDataPut                      
00001fb7  SSIDataPutNonBlocking           
00001fd7  SSIDataGet                      
00001ff3  SSIDataGetNonBlocking           
00002015  SSIDMAEnable                    
0000202d  SSIDMADisable                   
00002045  SSIBusy                         
00002063  SSIClockSourceSet               
00002077  SSIClockSourceGet               
00002087  SSIAdvModeSet                   
000020b9  SSIAdvDataPutFrameEnd           
000020df  SSIAdvDataPutFrameEndNonBlocking
0000210b  SSIAdvFrameHoldEnable           
00002121  SSIAdvFrameHoldDisable          
00002137  SSILoopbackEnable               
0000214d  SSILoopbackDisable              
00002165  SPI_Init                        
000021d1  SPI_SendData                    
000021e9  SPI_ReceiveData                 
000021fb  LEDConfig                       
0000220d  main                            
00002265  IntDisable                      
000022cd  IntEnable                       
00002335  __TI_auto_init_nobinit_nopinit  
00002379  IntRegister                     
000023ad  _c_int00_noargs                 
000023e1  __TI_zero_init_nomemset         
000023fd  IntUnregister                   
00002411  ResetISR                        
0000241d  SysCtlDelay                     
00002423  CPUwfi                          
00002427  _system_pre_init                
0000242b  C$$EXIT                         
0000242b  abort                           
00002920  __TI_Handler_Table_Base         
00002924  __TI_CINIT_Base                 
00002924  __TI_Handler_Table_Limit        
0000292c  __TI_CINIT_Limit                
20000000  __start___llvm_prf_cnts         
20000000  __stop___llvm_prf_cnts          
20000000  g_pfnRAMVectors                 
20000270  __stack                         
20000470  __STACK_END                     
20000470  __STACK_TOP                     
ffffffff  __TI_pprof_out_hndl             
ffffffff  __TI_prof_data_size             
ffffffff  __TI_prof_data_start            
ffffffff  __binit__                       
ffffffff  __c_args__                      
ffffffff  binit                           
UNDEFED   __mpu_init                      
UNDEFED   _system_post_cinit              

[168 symbols]
