<?xml version="1.0" encoding="ISO-8859-1" ?>
<link_info>
   <banner>TI ARM Linker PC v20.2.7.LTS</banner>
   <copyright>Copyright (c) 1996-2018 Texas Instruments Incorporated</copyright>
   <link_time>0x676ecb0d</link_time>
   <link_errors>0x0</link_errors>
   <output_file>SPI_Master.out</output_file>
   <entry_point>
      <name>_c_int00_noargs</name>
      <address>0x3cfd</address>
   </entry_point>
   <input_file_list>
      <input_file id="fl-2">
         <path>.\</path>
         <kind>object</kind>
         <file>gpio.obj</file>
         <name>gpio.obj</name>
      </input_file>
      <input_file id="fl-3">
         <path>.\</path>
         <kind>object</kind>
         <file>main.obj</file>
         <name>main.obj</name>
      </input_file>
      <input_file id="fl-4">
         <path>.\</path>
         <kind>object</kind>
         <file>ssi.obj</file>
         <name>ssi.obj</name>
      </input_file>
      <input_file id="fl-5">
         <path>.\</path>
         <kind>object</kind>
         <file>sysctl.obj</file>
         <name>sysctl.obj</name>
      </input_file>
      <input_file id="fl-6">
         <path>.\</path>
         <kind>object</kind>
         <file>systick.obj</file>
         <name>systick.obj</name>
      </input_file>
      <input_file id="fl-7">
         <path>.\</path>
         <kind>object</kind>
         <file>timer.obj</file>
         <name>timer.obj</name>
      </input_file>
      <input_file id="fl-8">
         <path>.\</path>
         <kind>object</kind>
         <file>tm4c123gh6pm_startup_ccs.obj</file>
         <name>tm4c123gh6pm_startup_ccs.obj</name>
      </input_file>
      <input_file id="fl-9">
         <path>.\</path>
         <kind>object</kind>
         <file>uart.obj</file>
         <name>uart.obj</name>
      </input_file>
      <input_file id="fl-a">
         <path>.\HAL\</path>
         <kind>object</kind>
         <file>BTN.obj</file>
         <name>BTN.obj</name>
      </input_file>
      <input_file id="fl-b">
         <path>.\HAL\</path>
         <kind>object</kind>
         <file>LED.obj</file>
         <name>LED.obj</name>
      </input_file>
      <input_file id="fl-c">
         <path>.\MCAL\</path>
         <kind>object</kind>
         <file>E2PROM.obj</file>
         <name>E2PROM.obj</name>
      </input_file>
      <input_file id="fl-d">
         <path>.\MCAL\</path>
         <kind>object</kind>
         <file>SPI.obj</file>
         <name>SPI.obj</name>
      </input_file>
      <input_file id="fl-e">
         <path>.\MCAL\</path>
         <kind>object</kind>
         <file>SYSTICKS.obj</file>
         <name>SYSTICKS.obj</name>
      </input_file>
      <input_file id="fl-f">
         <path>.\MCAL\</path>
         <kind>object</kind>
         <file>Timer0.obj</file>
         <name>Timer0.obj</name>
      </input_file>
      <input_file id="fl-10">
         <path>.\MCAL\UARTs\</path>
         <kind>object</kind>
         <file>UARTS.obj</file>
         <name>UARTS.obj</name>
      </input_file>
      <input_file id="fl-11">
         <path>.\MCAL\UARTs\</path>
         <kind>object</kind>
         <file>UARTS_CONFIG.obj</file>
         <name>UARTS_CONFIG.obj</name>
      </input_file>
      <input_file id="fl-12">
         <path>.\Service\</path>
         <kind>object</kind>
         <file>Monitor.obj</file>
         <name>Monitor.obj</name>
      </input_file>
      <input_file id="fl-13">
         <path>.\Service\</path>
         <kind>object</kind>
         <file>Nvm.obj</file>
         <name>Nvm.obj</name>
      </input_file>
      <input_file id="fl-18">
         <kind>object</kind>
         <file>&lt;internal&gt;</file>
         <name>&lt;internal&gt;</name>
      </input_file>
      <input_file id="fl-19">
         <path>..\</path>
         <kind>archive</kind>
         <file>driverlib.lib</file>
         <name>cpu.obj</name>
      </input_file>
      <input_file id="fl-1a">
         <path>..\</path>
         <kind>archive</kind>
         <file>driverlib.lib</file>
         <name>eeprom.obj</name>
      </input_file>
      <input_file id="fl-1b">
         <path>..\</path>
         <kind>archive</kind>
         <file>driverlib.lib</file>
         <name>interrupt.obj</name>
      </input_file>
      <input_file id="fl-d1">
         <path>C:\ti\ccs1281\ccs\tools\compiler\ti-cgt-arm_20.2.7.LTS\lib\</path>
         <kind>archive</kind>
         <file>rtsv7M4_T_le_v4SPD16_eabi.lib</file>
         <name>copy_zero_init.c.obj</name>
      </input_file>
      <input_file id="fl-d2">
         <path>C:\ti\ccs1281\ccs\tools\compiler\ti-cgt-arm_20.2.7.LTS\lib\</path>
         <kind>archive</kind>
         <file>rtsv7M4_T_le_v4SPD16_eabi.lib</file>
         <name>copy_decompress_none.c.obj</name>
      </input_file>
      <input_file id="fl-d3">
         <path>C:\ti\ccs1281\ccs\tools\compiler\ti-cgt-arm_20.2.7.LTS\lib\</path>
         <kind>archive</kind>
         <file>rtsv7M4_T_le_v4SPD16_eabi.lib</file>
         <name>copy_decompress_lzss.c.obj</name>
      </input_file>
      <input_file id="fl-d4">
         <path>C:\ti\ccs1281\ccs\tools\compiler\ti-cgt-arm_20.2.7.LTS\lib\</path>
         <kind>archive</kind>
         <file>rtsv7M4_T_le_v4SPD16_eabi.lib</file>
         <name>boot_cortex_m.c.obj</name>
      </input_file>
      <input_file id="fl-d5">
         <path>C:\ti\ccs1281\ccs\tools\compiler\ti-cgt-arm_20.2.7.LTS\lib\</path>
         <kind>archive</kind>
         <file>rtsv7M4_T_le_v4SPD16_eabi.lib</file>
         <name>memcpy_t2.asm.obj</name>
      </input_file>
      <input_file id="fl-d6">
         <path>C:\ti\ccs1281\ccs\tools\compiler\ti-cgt-arm_20.2.7.LTS\lib\</path>
         <kind>archive</kind>
         <file>rtsv7M4_T_le_v4SPD16_eabi.lib</file>
         <name>memset_t2.asm.obj</name>
      </input_file>
      <input_file id="fl-d7">
         <path>C:\ti\ccs1281\ccs\tools\compiler\ti-cgt-arm_20.2.7.LTS\lib\</path>
         <kind>archive</kind>
         <file>rtsv7M4_T_le_v4SPD16_eabi.lib</file>
         <name>autoinit.c.obj</name>
      </input_file>
      <input_file id="fl-d8">
         <path>C:\ti\ccs1281\ccs\tools\compiler\ti-cgt-arm_20.2.7.LTS\lib\</path>
         <kind>archive</kind>
         <file>rtsv7M4_T_le_v4SPD16_eabi.lib</file>
         <name>pre_init.c.obj</name>
      </input_file>
      <input_file id="fl-d9">
         <path>C:\ti\ccs1281\ccs\tools\compiler\ti-cgt-arm_20.2.7.LTS\lib\</path>
         <kind>archive</kind>
         <file>rtsv7M4_T_le_v4SPD16_eabi.lib</file>
         <name>cpy_tbl.c.obj</name>
      </input_file>
      <input_file id="fl-da">
         <path>C:\ti\ccs1281\ccs\tools\compiler\ti-cgt-arm_20.2.7.LTS\lib\</path>
         <kind>archive</kind>
         <file>rtsv7M4_T_le_v4SPD16_eabi.lib</file>
         <name>exit.c.obj</name>
      </input_file>
      <input_file id="fl-db">
         <path>C:\ti\ccs1281\ccs\tools\compiler\ti-cgt-arm_20.2.7.LTS\lib\</path>
         <kind>archive</kind>
         <file>rtsv7M4_T_le_v4SPD16_eabi.lib</file>
         <name>_lock.c.obj</name>
      </input_file>
      <input_file id="fl-dc">
         <path>C:\ti\ccs1281\ccs\tools\compiler\ti-cgt-arm_20.2.7.LTS\lib\</path>
         <kind>archive</kind>
         <file>rtsv7M4_T_le_v4SPD16_eabi.lib</file>
         <name>args_main.c.obj</name>
      </input_file>
   </input_file_list>
   <object_component_list>
      <object_component id="oc-12">
         <name>.intvecs</name>
         <load_address>0x0</load_address>
         <run_address>0x0</run_address>
         <size>0x26c</size>
         <input_file_ref idref="fl-8"/>
      </object_component>
      <object_component id="oc-7a">
         <name>.text</name>
         <load_address>0x26c</load_address>
         <run_address>0x26c</run_address>
         <size>0xf80</size>
         <input_file_ref idref="fl-5"/>
      </object_component>
      <object_component id="oc-13d">
         <name>.text</name>
         <load_address>0x11ec</load_address>
         <run_address>0x11ec</run_address>
         <size>0xc14</size>
         <input_file_ref idref="fl-2"/>
      </object_component>
      <object_component id="oc-74">
         <name>.text</name>
         <load_address>0x1e00</load_address>
         <run_address>0x1e00</run_address>
         <size>0x642</size>
         <input_file_ref idref="fl-7"/>
      </object_component>
      <object_component id="oc-1b5">
         <name>.text:_IntDefaultHandler</name>
         <load_address>0x2442</load_address>
         <run_address>0x2442</run_address>
         <size>0x2</size>
         <input_file_ref idref="fl-1b"/>
      </object_component>
      <object_component id="oc-215">
         <name>.text</name>
         <load_address>0x2444</load_address>
         <run_address>0x2444</run_address>
         <size>0x62e</size>
         <input_file_ref idref="fl-9"/>
      </object_component>
      <object_component id="oc-bd">
         <name>.text</name>
         <load_address>0x2a74</load_address>
         <run_address>0x2a74</run_address>
         <size>0x3dc</size>
         <input_file_ref idref="fl-3"/>
      </object_component>
      <object_component id="oc-1de">
         <name>.text</name>
         <load_address>0x2e50</load_address>
         <run_address>0x2e50</run_address>
         <size>0x362</size>
         <input_file_ref idref="fl-4"/>
      </object_component>
      <object_component id="oc-155">
         <name>.text</name>
         <load_address>0x31b4</load_address>
         <run_address>0x31b4</run_address>
         <size>0x2d8</size>
         <input_file_ref idref="fl-10"/>
      </object_component>
      <object_component id="oc-137">
         <name>.text</name>
         <load_address>0x348c</load_address>
         <run_address>0x348c</run_address>
         <size>0xd4</size>
         <input_file_ref idref="fl-d"/>
      </object_component>
      <object_component id="oc-149">
         <name>.text</name>
         <load_address>0x3560</load_address>
         <run_address>0x3560</run_address>
         <size>0xd0</size>
         <input_file_ref idref="fl-b"/>
      </object_component>
      <object_component id="oc-1fe">
         <name>.text:EEPROMProgram</name>
         <load_address>0x3630</load_address>
         <run_address>0x3630</run_address>
         <size>0xc4</size>
         <input_file_ref idref="fl-1a"/>
      </object_component>
      <object_component id="oc-143">
         <name>.text</name>
         <load_address>0x36f4</load_address>
         <run_address>0x36f4</run_address>
         <size>0xb0</size>
         <input_file_ref idref="fl-a"/>
      </object_component>
      <object_component id="oc-14f">
         <name>.text</name>
         <load_address>0x37a4</load_address>
         <run_address>0x37a4</run_address>
         <size>0x9c</size>
         <input_file_ref idref="fl-c"/>
      </object_component>
      <object_component id="oc-41">
         <name>.text</name>
         <load_address>0x3840</load_address>
         <run_address>0x3840</run_address>
         <size>0x9c</size>
         <input_file_ref idref="fl-d5"/>
      </object_component>
      <object_component id="oc-2d">
         <name>.text</name>
         <load_address>0x38dc</load_address>
         <run_address>0x38dc</run_address>
         <size>0x98</size>
         <input_file_ref idref="fl-f"/>
      </object_component>
      <object_component id="oc-1e4">
         <name>.text</name>
         <load_address>0x3974</load_address>
         <run_address>0x3974</run_address>
         <size>0x88</size>
         <input_file_ref idref="fl-6"/>
      </object_component>
      <object_component id="oc-db">
         <name>.text:IntDisable</name>
         <load_address>0x39fc</load_address>
         <run_address>0x39fc</run_address>
         <size>0x68</size>
         <input_file_ref idref="fl-1b"/>
      </object_component>
      <object_component id="oc-80">
         <name>.text:IntEnable</name>
         <load_address>0x3a64</load_address>
         <run_address>0x3a64</run_address>
         <size>0x68</size>
         <input_file_ref idref="fl-1b"/>
      </object_component>
      <object_component id="oc-131">
         <name>.text</name>
         <load_address>0x3acc</load_address>
         <run_address>0x3acc</run_address>
         <size>0x68</size>
         <input_file_ref idref="fl-e"/>
      </object_component>
      <object_component id="oc-15">
         <name>.text:decompress:lzss:__TI_decompress_lzss</name>
         <load_address>0x3b34</load_address>
         <run_address>0x3b34</run_address>
         <size>0x68</size>
         <input_file_ref idref="fl-d3"/>
      </object_component>
      <object_component id="oc-177">
         <name>.text:__TI_auto_init_nobinit_nopinit:__TI_auto_init_nobinit_nopinit</name>
         <load_address>0x3b9c</load_address>
         <run_address>0x3b9c</run_address>
         <size>0x44</size>
         <input_file_ref idref="fl-d7"/>
      </object_component>
      <object_component id="oc-1f8">
         <name>.text:EEPROMInit</name>
         <load_address>0x3be0</load_address>
         <run_address>0x3be0</run_address>
         <size>0x40</size>
         <input_file_ref idref="fl-1a"/>
      </object_component>
      <object_component id="oc-27d">
         <name>.text:_EEPROMSectorMaskSet</name>
         <load_address>0x3c20</load_address>
         <run_address>0x3c20</run_address>
         <size>0x3c</size>
         <input_file_ref idref="fl-1a"/>
      </object_component>
      <object_component id="oc-204">
         <name>.text:EEPROMRead</name>
         <load_address>0x3c5c</load_address>
         <run_address>0x3c5c</run_address>
         <size>0x38</size>
         <input_file_ref idref="fl-1a"/>
      </object_component>
      <object_component id="oc-d5">
         <name>.text:IntRegister</name>
         <load_address>0x3c94</load_address>
         <run_address>0x3c94</run_address>
         <size>0x34</size>
         <input_file_ref idref="fl-1b"/>
      </object_component>
      <object_component id="oc-277">
         <name>.text:_EEPROMSectorMaskClear</name>
         <load_address>0x3cc8</load_address>
         <run_address>0x3cc8</run_address>
         <size>0x34</size>
         <input_file_ref idref="fl-1a"/>
      </object_component>
      <object_component id="oc-5f">
         <name>.text:_c_int00_noargs:_c_int00_noargs</name>
         <load_address>0x3cfc</load_address>
         <run_address>0x3cfc</run_address>
         <size>0x34</size>
         <input_file_ref idref="fl-d4"/>
      </object_component>
      <object_component id="oc-15b">
         <name>.text</name>
         <load_address>0x3d30</load_address>
         <run_address>0x3d30</run_address>
         <size>0x1c</size>
         <input_file_ref idref="fl-12"/>
      </object_component>
      <object_component id="oc-22d">
         <name>.text</name>
         <load_address>0x3d4c</load_address>
         <run_address>0x3d4c</run_address>
         <size>0x1c</size>
         <input_file_ref idref="fl-13"/>
      </object_component>
      <object_component id="oc-4d">
         <name>.text:decompress:ZI:__TI_zero_init_nomemset:__TI_zero_init_nomemset</name>
         <load_address>0x3d68</load_address>
         <run_address>0x3d68</run_address>
         <size>0x1c</size>
         <input_file_ref idref="fl-d1"/>
      </object_component>
      <object_component id="oc-e1">
         <name>.text:IntUnregister</name>
         <load_address>0x3d84</load_address>
         <run_address>0x3d84</run_address>
         <size>0x14</size>
         <input_file_ref idref="fl-1b"/>
      </object_component>
      <object_component id="oc-86">
         <name>.text:IntMasterEnable</name>
         <load_address>0x3d98</load_address>
         <run_address>0x3d98</run_address>
         <size>0x10</size>
         <input_file_ref idref="fl-1b"/>
      </object_component>
      <object_component id="oc-270">
         <name>.text:_EEPROMWaitForDone</name>
         <load_address>0x3da8</load_address>
         <run_address>0x3da8</run_address>
         <size>0x10</size>
         <input_file_ref idref="fl-1a"/>
      </object_component>
      <object_component id="oc-1b">
         <name>.text:decompress:none:__TI_decompress_none</name>
         <load_address>0x3db8</load_address>
         <run_address>0x3db8</run_address>
         <size>0xe</size>
         <input_file_ref idref="fl-d2"/>
      </object_component>
      <object_component id="oc-112">
         <name>.text:CPUcpsie</name>
         <load_address>0x3dc6</load_address>
         <run_address>0x3dc6</run_address>
         <size>0xc</size>
         <input_file_ref idref="fl-19"/>
      </object_component>
      <object_component id="oc-20a">
         <name>.text:EEPROMStatusGet</name>
         <load_address>0x3dd4</load_address>
         <run_address>0x3dd4</run_address>
         <size>0xc</size>
         <input_file_ref idref="fl-1a"/>
      </object_component>
      <object_component id="oc-27">
         <name>.text</name>
         <load_address>0x3de0</load_address>
         <run_address>0x3de0</run_address>
         <size>0xc</size>
         <input_file_ref idref="fl-8"/>
      </object_component>
      <object_component id="oc-105">
         <name>.text:SysCtlDelay</name>
         <load_address>0x3dec</load_address>
         <run_address>0x3dec</run_address>
         <size>0x6</size>
         <input_file_ref idref="fl-5"/>
      </object_component>
      <object_component id="oc-f6">
         <name>.text:CPUwfi</name>
         <load_address>0x3df2</load_address>
         <run_address>0x3df2</run_address>
         <size>0x4</size>
         <input_file_ref idref="fl-19"/>
      </object_component>
      <object_component id="oc-b7">
         <name>.text:_system_pre_init</name>
         <load_address>0x3df6</load_address>
         <run_address>0x3df6</run_address>
         <size>0x4</size>
         <input_file_ref idref="fl-d8"/>
      </object_component>
      <object_component id="oc-16b">
         <name>.text:abort:abort</name>
         <load_address>0x3dfa</load_address>
         <run_address>0x3dfa</run_address>
         <size>0x4</size>
         <input_file_ref idref="fl-da"/>
      </object_component>
      <object_component id="oc-102">
         <name>.const:g_pppui32XTALtoVCO</name>
         <load_address>0x3e00</load_address>
         <run_address>0x3e00</run_address>
         <size>0x1b0</size>
         <input_file_ref idref="fl-5"/>
      </object_component>
      <object_component id="oc-1ef">
         <name>.const:g_ppui32GPIOIntMapSnowflake</name>
         <load_address>0x3fb0</load_address>
         <run_address>0x3fb0</run_address>
         <size>0xd8</size>
         <input_file_ref idref="fl-2"/>
      </object_component>
      <object_component id="oc-1ec">
         <name>.const:g_ppui32GPIOIntMapBlizzard</name>
         <load_address>0x4088</load_address>
         <run_address>0x4088</run_address>
         <size>0xc0</size>
         <input_file_ref idref="fl-2"/>
      </object_component>
      <object_component id="oc-1f2">
         <name>.const:g_pui32GPIOBaseAddrs</name>
         <load_address>0x4148</load_address>
         <run_address>0x4148</run_address>
         <size>0x90</size>
         <input_file_ref idref="fl-2"/>
      </object_component>
      <object_component id="oc-fc">
         <name>.const:g_pui32Xtals</name>
         <load_address>0x41d8</load_address>
         <run_address>0x41d8</run_address>
         <size>0x6c</size>
         <input_file_ref idref="fl-5"/>
      </object_component>
      <object_component id="oc-cf">
         <name>.const:g_ppui32TimerIntMap</name>
         <load_address>0x4244</load_address>
         <run_address>0x4244</run_address>
         <size>0x60</size>
         <input_file_ref idref="fl-7"/>
      </object_component>
      <object_component id="oc-d2">
         <name>.const:g_ppui32TimerIntMapSnowflake</name>
         <load_address>0x42a4</load_address>
         <run_address>0x42a4</run_address>
         <size>0x40</size>
         <input_file_ref idref="fl-7"/>
      </object_component>
      <object_component id="oc-28b">
         <name>.const:g_ppui32UARTIntMap</name>
         <load_address>0x42e4</load_address>
         <run_address>0x42e4</run_address>
         <size>0x40</size>
         <input_file_ref idref="fl-9"/>
      </object_component>
      <object_component id="oc-28e">
         <name>.const:g_ppui32UARTIntMapSnowflake</name>
         <load_address>0x4324</load_address>
         <run_address>0x4324</run_address>
         <size>0x40</size>
         <input_file_ref idref="fl-9"/>
      </object_component>
      <object_component id="oc-f3">
         <name>.const:g_sXTALtoMEMTIM</name>
         <load_address>0x4364</load_address>
         <run_address>0x4364</run_address>
         <size>0x30</size>
         <input_file_ref idref="fl-5"/>
      </object_component>
      <object_component id="oc-260">
         <name>.const:g_ppui32SSIIntMap</name>
         <load_address>0x4394</load_address>
         <run_address>0x4394</run_address>
         <size>0x20</size>
         <input_file_ref idref="fl-4"/>
      </object_component>
      <object_component id="oc-263">
         <name>.const:g_ppui32SSIIntMapSnowflake</name>
         <load_address>0x43b4</load_address>
         <run_address>0x43b4</run_address>
         <size>0x20</size>
         <input_file_ref idref="fl-4"/>
      </object_component>
      <object_component id="oc-1b1">
         <name>.const:g_pui32Dii16Regs</name>
         <load_address>0x43d4</load_address>
         <run_address>0x43d4</run_address>
         <size>0x14</size>
         <input_file_ref idref="fl-1b"/>
      </object_component>
      <object_component id="oc-108">
         <name>.const:g_pui32EnRegs</name>
         <load_address>0x43e8</load_address>
         <run_address>0x43e8</run_address>
         <size>0x14</size>
         <input_file_ref idref="fl-1b"/>
      </object_component>
      <object_component id="oc-210">
         <name>.const:$P$T0$1</name>
         <load_address>0x43fc</load_address>
         <run_address>0x43fc</run_address>
         <size>0x10</size>
         <input_file_ref idref="fl-c"/>
      </object_component>
      <object_component id="oc-ff">
         <name>.const:g_pui32VCOFrequencies</name>
         <load_address>0x440c</load_address>
         <run_address>0x440c</run_address>
         <size>0x8</size>
         <input_file_ref idref="fl-5"/>
      </object_component>
      <object_component id="oc-30e">
         <name>.cinit..data.load</name>
         <load_address>0x4418</load_address>
         <run_address>0x4418</run_address>
         <size>0x1c</size>
      </object_component>
      <object_component id="oc-30b">
         <name>__TI_handler_table</name>
         <load_address>0x4434</load_address>
         <run_address>0x4434</run_address>
         <size>0xc</size>
      </object_component>
      <object_component id="oc-30d">
         <name>.cinit..vtable.load</name>
         <load_address>0x4440</load_address>
         <run_address>0x4440</run_address>
         <size>0x8</size>
      </object_component>
      <object_component id="oc-30c">
         <name>__TI_cinit_table</name>
         <load_address>0x4448</load_address>
         <run_address>0x4448</run_address>
         <size>0x10</size>
      </object_component>
      <object_component id="oc-1ad">
         <name>.vtable</name>
         <uninitialized>true</uninitialized>
         <run_address>0x20000000</run_address>
         <size>0x26c</size>
         <input_file_ref idref="fl-1b"/>
      </object_component>
      <object_component id="oc-167">
         <name>.data</name>
         <load_address>0x2000048c</load_address>
         <run_address>0x2000048c</run_address>
         <size>0x3</size>
         <input_file_ref idref="fl-3"/>
      </object_component>
      <object_component id="oc-164">
         <name>.data</name>
         <load_address>0x20000470</load_address>
         <run_address>0x20000470</run_address>
         <size>0xc</size>
         <input_file_ref idref="fl-e"/>
      </object_component>
      <object_component id="oc-8c">
         <name>.data</name>
         <load_address>0x20000491</load_address>
         <run_address>0x20000491</run_address>
         <size>0x1</size>
         <input_file_ref idref="fl-f"/>
      </object_component>
      <object_component id="oc-21b">
         <name>.data:UARTS_CONFIG_array</name>
         <load_address>0x2000047c</load_address>
         <run_address>0x2000047c</run_address>
         <size>0xc</size>
         <input_file_ref idref="fl-11"/>
      </object_component>
      <object_component id="oc-21e">
         <name>.data</name>
         <load_address>0x20000488</load_address>
         <run_address>0x20000488</run_address>
         <size>0x4</size>
         <input_file_ref idref="fl-11"/>
      </object_component>
      <object_component id="oc-161">
         <name>.data</name>
         <load_address>0x2000048f</load_address>
         <run_address>0x2000048f</run_address>
         <size>0x2</size>
         <input_file_ref idref="fl-12"/>
      </object_component>
      <object_component id="oc-24">
         <name>.stack</name>
         <uninitialized>true</uninitialized>
         <run_address>0x20000270</run_address>
         <size>0x4</size>
         <input_file_ref idref="fl-d4"/>
      </object_component>
      <object_component id="oc-310">
         <name>.stack</name>
         <uninitialized>true</uninitialized>
         <run_address>0x20000270</run_address>
         <size>0x0</size>
      </object_component>
      <object_component id="oc-120">
         <name>.debug_info</name>
         <load_address>0x0</load_address>
         <run_address>0x0</run_address>
         <size>0x346</size>
         <input_file_ref idref="fl-2"/>
      </object_component>
      <object_component id="oc-1ed">
         <name>.debug_info</name>
         <load_address>0x346</load_address>
         <run_address>0x346</run_address>
         <size>0xe6</size>
         <input_file_ref idref="fl-2"/>
      </object_component>
      <object_component id="oc-1f0">
         <name>.debug_info</name>
         <load_address>0x42c</load_address>
         <run_address>0x42c</run_address>
         <size>0xe8</size>
         <input_file_ref idref="fl-2"/>
      </object_component>
      <object_component id="oc-1f3">
         <name>.debug_info</name>
         <load_address>0x514</load_address>
         <run_address>0x514</run_address>
         <size>0xda</size>
         <input_file_ref idref="fl-2"/>
      </object_component>
      <object_component id="oc-140">
         <name>.debug_info</name>
         <load_address>0x5ee</load_address>
         <run_address>0x5ee</run_address>
         <size>0x2de7</size>
         <input_file_ref idref="fl-2"/>
      </object_component>
      <object_component id="oc-97">
         <name>.debug_info</name>
         <load_address>0x33d5</load_address>
         <run_address>0x33d5</run_address>
         <size>0x26b</size>
         <input_file_ref idref="fl-2"/>
      </object_component>
      <object_component id="oc-ee">
         <name>.debug_info</name>
         <load_address>0x3640</load_address>
         <run_address>0x3640</run_address>
         <size>0x8b</size>
         <input_file_ref idref="fl-2"/>
      </object_component>
      <object_component id="oc-11b">
         <name>.debug_info</name>
         <load_address>0x36cb</load_address>
         <run_address>0x36cb</run_address>
         <size>0x2a4</size>
         <input_file_ref idref="fl-2"/>
      </object_component>
      <object_component id="oc-e8">
         <name>.debug_info</name>
         <load_address>0x396f</load_address>
         <run_address>0x396f</run_address>
         <size>0xef</size>
         <input_file_ref idref="fl-2"/>
      </object_component>
      <object_component id="oc-90">
         <name>.debug_info</name>
         <load_address>0x3a5e</load_address>
         <run_address>0x3a5e</run_address>
         <size>0xbb</size>
         <input_file_ref idref="fl-2"/>
      </object_component>
      <object_component id="oc-168">
         <name>.debug_info</name>
         <load_address>0x3b19</load_address>
         <run_address>0x3b19</run_address>
         <size>0xf9</size>
         <input_file_ref idref="fl-3"/>
      </object_component>
      <object_component id="oc-be">
         <name>.debug_info</name>
         <load_address>0x3c12</load_address>
         <run_address>0x3c12</run_address>
         <size>0x4da</size>
         <input_file_ref idref="fl-3"/>
      </object_component>
      <object_component id="oc-223">
         <name>.debug_info</name>
         <load_address>0x40ec</load_address>
         <run_address>0x40ec</run_address>
         <size>0x9a</size>
         <input_file_ref idref="fl-3"/>
      </object_component>
      <object_component id="oc-3c">
         <name>.debug_info</name>
         <load_address>0x4186</load_address>
         <run_address>0x4186</run_address>
         <size>0x84</size>
         <input_file_ref idref="fl-3"/>
      </object_component>
      <object_component id="oc-228">
         <name>.debug_info</name>
         <load_address>0x420a</load_address>
         <run_address>0x420a</run_address>
         <size>0x53</size>
         <input_file_ref idref="fl-3"/>
      </object_component>
      <object_component id="oc-267">
         <name>.debug_info</name>
         <load_address>0x425d</load_address>
         <run_address>0x425d</run_address>
         <size>0x327</size>
         <input_file_ref idref="fl-4"/>
      </object_component>
      <object_component id="oc-261">
         <name>.debug_info</name>
         <load_address>0x4584</load_address>
         <run_address>0x4584</run_address>
         <size>0xd3</size>
         <input_file_ref idref="fl-4"/>
      </object_component>
      <object_component id="oc-264">
         <name>.debug_info</name>
         <load_address>0x4657</load_address>
         <run_address>0x4657</run_address>
         <size>0xe5</size>
         <input_file_ref idref="fl-4"/>
      </object_component>
      <object_component id="oc-1e2">
         <name>.debug_info</name>
         <load_address>0x473c</load_address>
         <run_address>0x473c</run_address>
         <size>0x1446</size>
         <input_file_ref idref="fl-4"/>
      </object_component>
      <object_component id="oc-107">
         <name>.debug_info</name>
         <load_address>0x5b82</load_address>
         <run_address>0x5b82</run_address>
         <size>0x3a8</size>
         <input_file_ref idref="fl-5"/>
      </object_component>
      <object_component id="oc-fd">
         <name>.debug_info</name>
         <load_address>0x5f2a</load_address>
         <run_address>0x5f2a</run_address>
         <size>0xcc</size>
         <input_file_ref idref="fl-5"/>
      </object_component>
      <object_component id="oc-103">
         <name>.debug_info</name>
         <load_address>0x5ff6</load_address>
         <run_address>0x5ff6</run_address>
         <size>0xd8</size>
         <input_file_ref idref="fl-5"/>
      </object_component>
      <object_component id="oc-f4">
         <name>.debug_info</name>
         <load_address>0x60ce</load_address>
         <run_address>0x60ce</run_address>
         <size>0xd2</size>
         <input_file_ref idref="fl-5"/>
      </object_component>
      <object_component id="oc-100">
         <name>.debug_info</name>
         <load_address>0x61a0</load_address>
         <run_address>0x61a0</run_address>
         <size>0xdf</size>
         <input_file_ref idref="fl-5"/>
      </object_component>
      <object_component id="oc-7b">
         <name>.debug_info</name>
         <load_address>0x627f</load_address>
         <run_address>0x627f</run_address>
         <size>0x26a8</size>
         <input_file_ref idref="fl-5"/>
      </object_component>
      <object_component id="oc-1c9">
         <name>.debug_info</name>
         <load_address>0x8927</load_address>
         <run_address>0x8927</run_address>
         <size>0x51</size>
         <input_file_ref idref="fl-5"/>
      </object_component>
      <object_component id="oc-269">
         <name>.debug_info</name>
         <load_address>0x8978</load_address>
         <run_address>0x8978</run_address>
         <size>0x2b2</size>
         <input_file_ref idref="fl-6"/>
      </object_component>
      <object_component id="oc-1e6">
         <name>.debug_info</name>
         <load_address>0x8c2a</load_address>
         <run_address>0x8c2a</run_address>
         <size>0x477</size>
         <input_file_ref idref="fl-6"/>
      </object_component>
      <object_component id="oc-ed">
         <name>.debug_info</name>
         <load_address>0x90a1</load_address>
         <run_address>0x90a1</run_address>
         <size>0x333</size>
         <input_file_ref idref="fl-7"/>
      </object_component>
      <object_component id="oc-d0">
         <name>.debug_info</name>
         <load_address>0x93d4</load_address>
         <run_address>0x93d4</run_address>
         <size>0xd9</size>
         <input_file_ref idref="fl-7"/>
      </object_component>
      <object_component id="oc-d3">
         <name>.debug_info</name>
         <load_address>0x94ad</load_address>
         <run_address>0x94ad</run_address>
         <size>0xeb</size>
         <input_file_ref idref="fl-7"/>
      </object_component>
      <object_component id="oc-77">
         <name>.debug_info</name>
         <load_address>0x9598</load_address>
         <run_address>0x9598</run_address>
         <size>0x2155</size>
         <input_file_ref idref="fl-7"/>
      </object_component>
      <object_component id="oc-35">
         <name>.debug_info</name>
         <load_address>0xb6ed</load_address>
         <run_address>0xb6ed</run_address>
         <size>0x2ca</size>
         <input_file_ref idref="fl-8"/>
      </object_component>
      <object_component id="oc-13">
         <name>.debug_info</name>
         <load_address>0xb9b7</load_address>
         <run_address>0xb9b7</run_address>
         <size>0xdf</size>
         <input_file_ref idref="fl-8"/>
      </object_component>
      <object_component id="oc-2b">
         <name>.debug_info</name>
         <load_address>0xba96</load_address>
         <run_address>0xba96</run_address>
         <size>0x25b</size>
         <input_file_ref idref="fl-8"/>
      </object_component>
      <object_component id="oc-292">
         <name>.debug_info</name>
         <load_address>0xbcf1</load_address>
         <run_address>0xbcf1</run_address>
         <size>0x328</size>
         <input_file_ref idref="fl-9"/>
      </object_component>
      <object_component id="oc-28c">
         <name>.debug_info</name>
         <load_address>0xc019</load_address>
         <run_address>0xc019</run_address>
         <size>0xd6</size>
         <input_file_ref idref="fl-9"/>
      </object_component>
      <object_component id="oc-28f">
         <name>.debug_info</name>
         <load_address>0xc0ef</load_address>
         <run_address>0xc0ef</run_address>
         <size>0xe8</size>
         <input_file_ref idref="fl-9"/>
      </object_component>
      <object_component id="oc-219">
         <name>.debug_info</name>
         <load_address>0xc1d7</load_address>
         <run_address>0xc1d7</run_address>
         <size>0x2328</size>
         <input_file_ref idref="fl-9"/>
      </object_component>
      <object_component id="oc-146">
         <name>.debug_info</name>
         <load_address>0xe4ff</load_address>
         <run_address>0xe4ff</run_address>
         <size>0x245</size>
         <input_file_ref idref="fl-a"/>
      </object_component>
      <object_component id="oc-14b">
         <name>.debug_info</name>
         <load_address>0xe744</load_address>
         <run_address>0xe744</run_address>
         <size>0x403</size>
         <input_file_ref idref="fl-b"/>
      </object_component>
      <object_component id="oc-214">
         <name>.debug_info</name>
         <load_address>0xeb47</load_address>
         <run_address>0xeb47</run_address>
         <size>0x3d9</size>
         <input_file_ref idref="fl-c"/>
      </object_component>
      <object_component id="oc-211">
         <name>.debug_info</name>
         <load_address>0xef20</load_address>
         <run_address>0xef20</run_address>
         <size>0xc7</size>
         <input_file_ref idref="fl-c"/>
      </object_component>
      <object_component id="oc-151">
         <name>.debug_info</name>
         <load_address>0xefe7</load_address>
         <run_address>0xefe7</run_address>
         <size>0x43e</size>
         <input_file_ref idref="fl-c"/>
      </object_component>
      <object_component id="oc-13a">
         <name>.debug_info</name>
         <load_address>0xf425</load_address>
         <run_address>0xf425</run_address>
         <size>0x3ab</size>
         <input_file_ref idref="fl-d"/>
      </object_component>
      <object_component id="oc-165">
         <name>.debug_info</name>
         <load_address>0xf7d0</load_address>
         <run_address>0xf7d0</run_address>
         <size>0x138</size>
         <input_file_ref idref="fl-e"/>
      </object_component>
      <object_component id="oc-132">
         <name>.debug_info</name>
         <load_address>0xf908</load_address>
         <run_address>0xf908</run_address>
         <size>0x272</size>
         <input_file_ref idref="fl-e"/>
      </object_component>
      <object_component id="oc-8d">
         <name>.debug_info</name>
         <load_address>0xfb7a</load_address>
         <run_address>0xfb7a</run_address>
         <size>0xda</size>
         <input_file_ref idref="fl-f"/>
      </object_component>
      <object_component id="oc-2e">
         <name>.debug_info</name>
         <load_address>0xfc54</load_address>
         <run_address>0xfc54</run_address>
         <size>0x2dd</size>
         <input_file_ref idref="fl-f"/>
      </object_component>
      <object_component id="oc-222">
         <name>.debug_info</name>
         <load_address>0xff31</load_address>
         <run_address>0xff31</run_address>
         <size>0x475</size>
         <input_file_ref idref="fl-10"/>
      </object_component>
      <object_component id="oc-159">
         <name>.debug_info</name>
         <load_address>0x103a6</load_address>
         <run_address>0x103a6</run_address>
         <size>0x7d9</size>
         <input_file_ref idref="fl-10"/>
      </object_component>
      <object_component id="oc-295">
         <name>.debug_info</name>
         <load_address>0x10b7f</load_address>
         <run_address>0x10b7f</run_address>
         <size>0xd5</size>
         <input_file_ref idref="fl-11"/>
      </object_component>
      <object_component id="oc-21c">
         <name>.debug_info</name>
         <load_address>0x10c54</load_address>
         <run_address>0x10c54</run_address>
         <size>0xea</size>
         <input_file_ref idref="fl-11"/>
      </object_component>
      <object_component id="oc-21f">
         <name>.debug_info</name>
         <load_address>0x10d3e</load_address>
         <run_address>0x10d3e</run_address>
         <size>0xf0</size>
         <input_file_ref idref="fl-11"/>
      </object_component>
      <object_component id="oc-162">
         <name>.debug_info</name>
         <load_address>0x10e2e</load_address>
         <run_address>0x10e2e</run_address>
         <size>0xf9</size>
         <input_file_ref idref="fl-12"/>
      </object_component>
      <object_component id="oc-15e">
         <name>.debug_info</name>
         <load_address>0x10f27</load_address>
         <run_address>0x10f27</run_address>
         <size>0x138</size>
         <input_file_ref idref="fl-12"/>
      </object_component>
      <object_component id="oc-22f">
         <name>.debug_info</name>
         <load_address>0x1105f</load_address>
         <run_address>0x1105f</run_address>
         <size>0x11a</size>
         <input_file_ref idref="fl-13"/>
      </object_component>
      <object_component id="oc-25f">
         <name>.debug_info</name>
         <load_address>0x11179</load_address>
         <run_address>0x11179</run_address>
         <size>0x2d7</size>
         <input_file_ref idref="fl-19"/>
      </object_component>
      <object_component id="oc-f9">
         <name>.debug_info</name>
         <load_address>0x11450</load_address>
         <run_address>0x11450</run_address>
         <size>0x213</size>
         <input_file_ref idref="fl-19"/>
      </object_component>
      <object_component id="oc-113">
         <name>.debug_info</name>
         <load_address>0x11663</load_address>
         <run_address>0x11663</run_address>
         <size>0x21b</size>
         <input_file_ref idref="fl-19"/>
      </object_component>
      <object_component id="oc-1d6">
         <name>.debug_info</name>
         <load_address>0x1187e</load_address>
         <run_address>0x1187e</run_address>
         <size>0x26b</size>
         <input_file_ref idref="fl-19"/>
      </object_component>
      <object_component id="oc-1cf">
         <name>.debug_info</name>
         <load_address>0x11ae9</load_address>
         <run_address>0x11ae9</run_address>
         <size>0x297</size>
         <input_file_ref idref="fl-19"/>
      </object_component>
      <object_component id="oc-10c">
         <name>.debug_info</name>
         <load_address>0x11d80</load_address>
         <run_address>0x11d80</run_address>
         <size>0xbb</size>
         <input_file_ref idref="fl-19"/>
      </object_component>
      <object_component id="oc-284">
         <name>.debug_info</name>
         <load_address>0x11e3b</load_address>
         <run_address>0x11e3b</run_address>
         <size>0x350</size>
         <input_file_ref idref="fl-1a"/>
      </object_component>
      <object_component id="oc-20e">
         <name>.debug_info</name>
         <load_address>0x1218b</load_address>
         <run_address>0x1218b</run_address>
         <size>0x232</size>
         <input_file_ref idref="fl-1a"/>
      </object_component>
      <object_component id="oc-208">
         <name>.debug_info</name>
         <load_address>0x123bd</load_address>
         <run_address>0x123bd</run_address>
         <size>0x2ce</size>
         <input_file_ref idref="fl-1a"/>
      </object_component>
      <object_component id="oc-281">
         <name>.debug_info</name>
         <load_address>0x1268b</load_address>
         <run_address>0x1268b</run_address>
         <size>0x2ba</size>
         <input_file_ref idref="fl-1a"/>
      </object_component>
      <object_component id="oc-27a">
         <name>.debug_info</name>
         <load_address>0x12945</load_address>
         <run_address>0x12945</run_address>
         <size>0x280</size>
         <input_file_ref idref="fl-1a"/>
      </object_component>
      <object_component id="oc-202">
         <name>.debug_info</name>
         <load_address>0x12bc5</load_address>
         <run_address>0x12bc5</run_address>
         <size>0x37f</size>
         <input_file_ref idref="fl-1a"/>
      </object_component>
      <object_component id="oc-274">
         <name>.debug_info</name>
         <load_address>0x12f44</load_address>
         <run_address>0x12f44</run_address>
         <size>0x230</size>
         <input_file_ref idref="fl-1a"/>
      </object_component>
      <object_component id="oc-1fc">
         <name>.debug_info</name>
         <load_address>0x13174</load_address>
         <run_address>0x13174</run_address>
         <size>0x2d1</size>
         <input_file_ref idref="fl-1a"/>
      </object_component>
      <object_component id="oc-111">
         <name>.debug_info</name>
         <load_address>0x13445</load_address>
         <run_address>0x13445</run_address>
         <size>0x3b7</size>
         <input_file_ref idref="fl-1b"/>
      </object_component>
      <object_component id="oc-109">
         <name>.debug_info</name>
         <load_address>0x137fc</load_address>
         <run_address>0x137fc</run_address>
         <size>0x15b</size>
         <input_file_ref idref="fl-1b"/>
      </object_component>
      <object_component id="oc-1b2">
         <name>.debug_info</name>
         <load_address>0x13957</load_address>
         <run_address>0x13957</run_address>
         <size>0x161</size>
         <input_file_ref idref="fl-1b"/>
      </object_component>
      <object_component id="oc-1ae">
         <name>.debug_info</name>
         <load_address>0x13ab8</load_address>
         <run_address>0x13ab8</run_address>
         <size>0x160</size>
         <input_file_ref idref="fl-1b"/>
      </object_component>
      <object_component id="oc-1b9">
         <name>.debug_info</name>
         <load_address>0x13c18</load_address>
         <run_address>0x13c18</run_address>
         <size>0x22e</size>
         <input_file_ref idref="fl-1b"/>
      </object_component>
      <object_component id="oc-e5">
         <name>.debug_info</name>
         <load_address>0x13e46</load_address>
         <run_address>0x13e46</run_address>
         <size>0x279</size>
         <input_file_ref idref="fl-1b"/>
      </object_component>
      <object_component id="oc-d9">
         <name>.debug_info</name>
         <load_address>0x140bf</load_address>
         <run_address>0x140bf</run_address>
         <size>0x2ca</size>
         <input_file_ref idref="fl-1b"/>
      </object_component>
      <object_component id="oc-8a">
         <name>.debug_info</name>
         <load_address>0x14389</load_address>
         <run_address>0x14389</run_address>
         <size>0x247</size>
         <input_file_ref idref="fl-1b"/>
      </object_component>
      <object_component id="oc-83">
         <name>.debug_info</name>
         <load_address>0x145d0</load_address>
         <run_address>0x145d0</run_address>
         <size>0x271</size>
         <input_file_ref idref="fl-1b"/>
      </object_component>
      <object_component id="oc-df">
         <name>.debug_info</name>
         <load_address>0x14841</load_address>
         <run_address>0x14841</run_address>
         <size>0x273</size>
         <input_file_ref idref="fl-1b"/>
      </object_component>
      <object_component id="oc-b0">
         <name>.debug_info</name>
         <load_address>0x14ab4</load_address>
         <run_address>0x14ab4</run_address>
         <size>0x2d4</size>
         <input_file_ref idref="fl-d1"/>
      </object_component>
      <object_component id="oc-50">
         <name>.debug_info</name>
         <load_address>0x14d88</load_address>
         <run_address>0x14d88</run_address>
         <size>0x1d2</size>
         <input_file_ref idref="fl-d1"/>
      </object_component>
      <object_component id="oc-ab">
         <name>.debug_info</name>
         <load_address>0x14f5a</load_address>
         <run_address>0x14f5a</run_address>
         <size>0x46</size>
         <input_file_ref idref="fl-d1"/>
      </object_component>
      <object_component id="oc-128">
         <name>.debug_info</name>
         <load_address>0x14fa0</load_address>
         <run_address>0x14fa0</run_address>
         <size>0x2c</size>
         <input_file_ref idref="fl-d1"/>
      </object_component>
      <object_component id="oc-4c">
         <name>.debug_info</name>
         <load_address>0x14fcc</load_address>
         <run_address>0x14fcc</run_address>
         <size>0x2a8</size>
         <input_file_ref idref="fl-d2"/>
      </object_component>
      <object_component id="oc-1e">
         <name>.debug_info</name>
         <load_address>0x15274</load_address>
         <run_address>0x15274</run_address>
         <size>0x1ea</size>
         <input_file_ref idref="fl-d2"/>
      </object_component>
      <object_component id="oc-47">
         <name>.debug_info</name>
         <load_address>0x1545e</load_address>
         <run_address>0x1545e</run_address>
         <size>0x46</size>
         <input_file_ref idref="fl-d2"/>
      </object_component>
      <object_component id="oc-a3">
         <name>.debug_info</name>
         <load_address>0x154a4</load_address>
         <run_address>0x154a4</run_address>
         <size>0x2c</size>
         <input_file_ref idref="fl-d2"/>
      </object_component>
      <object_component id="oc-a1">
         <name>.debug_info</name>
         <load_address>0x154d0</load_address>
         <run_address>0x154d0</run_address>
         <size>0x29e</size>
         <input_file_ref idref="fl-d3"/>
      </object_component>
      <object_component id="oc-16">
         <name>.debug_info</name>
         <load_address>0x1576e</load_address>
         <run_address>0x1576e</run_address>
         <size>0x250</size>
         <input_file_ref idref="fl-d3"/>
      </object_component>
      <object_component id="oc-37">
         <name>.debug_info</name>
         <load_address>0x159be</load_address>
         <run_address>0x159be</run_address>
         <size>0x60</size>
         <input_file_ref idref="fl-d3"/>
      </object_component>
      <object_component id="oc-121">
         <name>.debug_info</name>
         <load_address>0x15a1e</load_address>
         <run_address>0x15a1e</run_address>
         <size>0x46</size>
         <input_file_ref idref="fl-d3"/>
      </object_component>
      <object_component id="oc-9c">
         <name>.debug_info</name>
         <load_address>0x15a64</load_address>
         <run_address>0x15a64</run_address>
         <size>0x39</size>
         <input_file_ref idref="fl-d3"/>
      </object_component>
      <object_component id="oc-25">
         <name>.debug_info</name>
         <load_address>0x15a9d</load_address>
         <run_address>0x15a9d</run_address>
         <size>0x10b</size>
         <input_file_ref idref="fl-d4"/>
      </object_component>
      <object_component id="oc-63">
         <name>.debug_info</name>
         <load_address>0x15ba8</load_address>
         <run_address>0x15ba8</run_address>
         <size>0x1a9</size>
         <input_file_ref idref="fl-d4"/>
      </object_component>
      <object_component id="oc-44">
         <name>.debug_info</name>
         <load_address>0x15d51</load_address>
         <run_address>0x15d51</run_address>
         <size>0x119</size>
         <input_file_ref idref="fl-d5"/>
      </object_component>
      <object_component id="oc-245">
         <name>.debug_info</name>
         <load_address>0x15e6a</load_address>
         <run_address>0x15e6a</run_address>
         <size>0x4b3</size>
         <input_file_ref idref="fl-d7"/>
      </object_component>
      <object_component id="oc-179">
         <name>.debug_info</name>
         <load_address>0x1631d</load_address>
         <run_address>0x1631d</run_address>
         <size>0x1a6</size>
         <input_file_ref idref="fl-d7"/>
      </object_component>
      <object_component id="oc-2ab">
         <name>.debug_info</name>
         <load_address>0x164c3</load_address>
         <run_address>0x164c3</run_address>
         <size>0x39</size>
         <input_file_ref idref="fl-d7"/>
      </object_component>
      <object_component id="oc-2d6">
         <name>.debug_info</name>
         <load_address>0x164fc</load_address>
         <run_address>0x164fc</run_address>
         <size>0x39</size>
         <input_file_ref idref="fl-d7"/>
      </object_component>
      <object_component id="oc-2b0">
         <name>.debug_info</name>
         <load_address>0x16535</load_address>
         <run_address>0x16535</run_address>
         <size>0x39</size>
         <input_file_ref idref="fl-d7"/>
      </object_component>
      <object_component id="oc-2b5">
         <name>.debug_info</name>
         <load_address>0x1656e</load_address>
         <run_address>0x1656e</run_address>
         <size>0xcd</size>
         <input_file_ref idref="fl-d7"/>
      </object_component>
      <object_component id="oc-bb">
         <name>.debug_info</name>
         <load_address>0x1663b</load_address>
         <run_address>0x1663b</run_address>
         <size>0x153</size>
         <input_file_ref idref="fl-d8"/>
      </object_component>
      <object_component id="oc-16d">
         <name>.debug_info</name>
         <load_address>0x1678e</load_address>
         <run_address>0x1678e</run_address>
         <size>0x122</size>
         <input_file_ref idref="fl-da"/>
      </object_component>
      <object_component id="oc-311">
         <name>.debug_info</name>
         <load_address>0x168b0</load_address>
         <run_address>0x168b0</run_address>
         <size>0x92</size>
      </object_component>
      <object_component id="oc-1dd">
         <name>.debug_line</name>
         <load_address>0x0</load_address>
         <run_address>0x0</run_address>
         <size>0x53</size>
         <input_file_ref idref="fl-2"/>
      </object_component>
      <object_component id="oc-26b">
         <name>.debug_line</name>
         <load_address>0x53</load_address>
         <run_address>0x53</run_address>
         <size>0x2d</size>
         <input_file_ref idref="fl-2"/>
      </object_component>
      <object_component id="oc-26d">
         <name>.debug_line</name>
         <load_address>0x80</load_address>
         <run_address>0x80</run_address>
         <size>0x2d</size>
         <input_file_ref idref="fl-2"/>
      </object_component>
      <object_component id="oc-26f">
         <name>.debug_line</name>
         <load_address>0xad</load_address>
         <run_address>0xad</run_address>
         <size>0x2d</size>
         <input_file_ref idref="fl-2"/>
      </object_component>
      <object_component id="oc-142">
         <name>.debug_line</name>
         <load_address>0xda</load_address>
         <run_address>0xda</run_address>
         <size>0x64e</size>
         <input_file_ref idref="fl-2"/>
      </object_component>
      <object_component id="oc-9a">
         <name>.debug_line</name>
         <load_address>0x728</load_address>
         <run_address>0x728</run_address>
         <size>0x6f</size>
         <input_file_ref idref="fl-2"/>
      </object_component>
      <object_component id="oc-f1">
         <name>.debug_line</name>
         <load_address>0x797</load_address>
         <run_address>0x797</run_address>
         <size>0x20</size>
         <input_file_ref idref="fl-2"/>
      </object_component>
      <object_component id="oc-11e">
         <name>.debug_line</name>
         <load_address>0x7b7</load_address>
         <run_address>0x7b7</run_address>
         <size>0x73</size>
         <input_file_ref idref="fl-2"/>
      </object_component>
      <object_component id="oc-eb">
         <name>.debug_line</name>
         <load_address>0x82a</load_address>
         <run_address>0x82a</run_address>
         <size>0x6f</size>
         <input_file_ref idref="fl-2"/>
      </object_component>
      <object_component id="oc-93">
         <name>.debug_line</name>
         <load_address>0x899</load_address>
         <run_address>0x899</run_address>
         <size>0x70</size>
         <input_file_ref idref="fl-2"/>
      </object_component>
      <object_component id="oc-239">
         <name>.debug_line</name>
         <load_address>0x909</load_address>
         <run_address>0x909</run_address>
         <size>0x2d</size>
         <input_file_ref idref="fl-3"/>
      </object_component>
      <object_component id="oc-c2">
         <name>.debug_line</name>
         <load_address>0x936</load_address>
         <run_address>0x936</run_address>
         <size>0xe7</size>
         <input_file_ref idref="fl-3"/>
      </object_component>
      <object_component id="oc-226">
         <name>.debug_line</name>
         <load_address>0xa1d</load_address>
         <run_address>0xa1d</run_address>
         <size>0x39</size>
         <input_file_ref idref="fl-3"/>
      </object_component>
      <object_component id="oc-3f">
         <name>.debug_line</name>
         <load_address>0xa56</load_address>
         <run_address>0xa56</run_address>
         <size>0x20</size>
         <input_file_ref idref="fl-3"/>
      </object_component>
      <object_component id="oc-22b">
         <name>.debug_line</name>
         <load_address>0xa76</load_address>
         <run_address>0xa76</run_address>
         <size>0x6b</size>
         <input_file_ref idref="fl-3"/>
      </object_component>
      <object_component id="oc-2c3">
         <name>.debug_line</name>
         <load_address>0xae1</load_address>
         <run_address>0xae1</run_address>
         <size>0x53</size>
         <input_file_ref idref="fl-4"/>
      </object_component>
      <object_component id="oc-2bf">
         <name>.debug_line</name>
         <load_address>0xb34</load_address>
         <run_address>0xb34</run_address>
         <size>0x2c</size>
         <input_file_ref idref="fl-4"/>
      </object_component>
      <object_component id="oc-2c1">
         <name>.debug_line</name>
         <load_address>0xb60</load_address>
         <run_address>0xb60</run_address>
         <size>0x2c</size>
         <input_file_ref idref="fl-4"/>
      </object_component>
      <object_component id="oc-1e0">
         <name>.debug_line</name>
         <load_address>0xb8c</load_address>
         <run_address>0xb8c</run_address>
         <size>0x344</size>
         <input_file_ref idref="fl-4"/>
      </object_component>
      <object_component id="oc-1c8">
         <name>.debug_line</name>
         <load_address>0xed0</load_address>
         <run_address>0xed0</run_address>
         <size>0xb0</size>
         <input_file_ref idref="fl-5"/>
      </object_component>
      <object_component id="oc-1c2">
         <name>.debug_line</name>
         <load_address>0xf80</load_address>
         <run_address>0xf80</run_address>
         <size>0x2f</size>
         <input_file_ref idref="fl-5"/>
      </object_component>
      <object_component id="oc-1c6">
         <name>.debug_line</name>
         <load_address>0xfaf</load_address>
         <run_address>0xfaf</run_address>
         <size>0x2f</size>
         <input_file_ref idref="fl-5"/>
      </object_component>
      <object_component id="oc-1bf">
         <name>.debug_line</name>
         <load_address>0xfde</load_address>
         <run_address>0xfde</run_address>
         <size>0x2f</size>
         <input_file_ref idref="fl-5"/>
      </object_component>
      <object_component id="oc-1c4">
         <name>.debug_line</name>
         <load_address>0x100d</load_address>
         <run_address>0x100d</run_address>
         <size>0x2f</size>
         <input_file_ref idref="fl-5"/>
      </object_component>
      <object_component id="oc-7f">
         <name>.debug_line</name>
         <load_address>0x103c</load_address>
         <run_address>0x103c</run_address>
         <size>0x96d</size>
         <input_file_ref idref="fl-5"/>
      </object_component>
      <object_component id="oc-1cb">
         <name>.debug_line</name>
         <load_address>0x19a9</load_address>
         <run_address>0x19a9</run_address>
         <size>0x2f</size>
         <input_file_ref idref="fl-5"/>
      </object_component>
      <object_component id="oc-2c5">
         <name>.debug_line</name>
         <load_address>0x19d8</load_address>
         <run_address>0x19d8</run_address>
         <size>0x53</size>
         <input_file_ref idref="fl-6"/>
      </object_component>
      <object_component id="oc-1e9">
         <name>.debug_line</name>
         <load_address>0x1a2b</load_address>
         <run_address>0x1a2b</run_address>
         <size>0x122</size>
         <input_file_ref idref="fl-6"/>
      </object_component>
      <object_component id="oc-1bd">
         <name>.debug_line</name>
         <load_address>0x1b4d</load_address>
         <run_address>0x1b4d</run_address>
         <size>0x53</size>
         <input_file_ref idref="fl-7"/>
      </object_component>
      <object_component id="oc-1aa">
         <name>.debug_line</name>
         <load_address>0x1ba0</load_address>
         <run_address>0x1ba0</run_address>
         <size>0x2e</size>
         <input_file_ref idref="fl-7"/>
      </object_component>
      <object_component id="oc-1ac">
         <name>.debug_line</name>
         <load_address>0x1bce</load_address>
         <run_address>0x1bce</run_address>
         <size>0x2e</size>
         <input_file_ref idref="fl-7"/>
      </object_component>
      <object_component id="oc-76">
         <name>.debug_line</name>
         <load_address>0x1bfc</load_address>
         <run_address>0x1bfc</run_address>
         <size>0x514</size>
         <input_file_ref idref="fl-7"/>
      </object_component>
      <object_component id="oc-96">
         <name>.debug_line</name>
         <load_address>0x2110</load_address>
         <run_address>0x2110</run_address>
         <size>0x41</size>
         <input_file_ref idref="fl-8"/>
      </object_component>
      <object_component id="oc-34">
         <name>.debug_line</name>
         <load_address>0x2151</load_address>
         <run_address>0x2151</run_address>
         <size>0x41</size>
         <input_file_ref idref="fl-8"/>
      </object_component>
      <object_component id="oc-28">
         <name>.debug_line</name>
         <load_address>0x2192</load_address>
         <run_address>0x2192</run_address>
         <size>0xa1</size>
         <input_file_ref idref="fl-8"/>
      </object_component>
      <object_component id="oc-2d0">
         <name>.debug_line</name>
         <load_address>0x2233</load_address>
         <run_address>0x2233</run_address>
         <size>0x53</size>
         <input_file_ref idref="fl-9"/>
      </object_component>
      <object_component id="oc-2cc">
         <name>.debug_line</name>
         <load_address>0x2286</load_address>
         <run_address>0x2286</run_address>
         <size>0x2d</size>
         <input_file_ref idref="fl-9"/>
      </object_component>
      <object_component id="oc-2ce">
         <name>.debug_line</name>
         <load_address>0x22b3</load_address>
         <run_address>0x22b3</run_address>
         <size>0x2d</size>
         <input_file_ref idref="fl-9"/>
      </object_component>
      <object_component id="oc-216">
         <name>.debug_line</name>
         <load_address>0x22e0</load_address>
         <run_address>0x22e0</run_address>
         <size>0x5ad</size>
         <input_file_ref idref="fl-9"/>
      </object_component>
      <object_component id="oc-144">
         <name>.debug_line</name>
         <load_address>0x288d</load_address>
         <run_address>0x288d</run_address>
         <size>0x6f</size>
         <input_file_ref idref="fl-a"/>
      </object_component>
      <object_component id="oc-14a">
         <name>.debug_line</name>
         <load_address>0x28fc</load_address>
         <run_address>0x28fc</run_address>
         <size>0xdc</size>
         <input_file_ref idref="fl-b"/>
      </object_component>
      <object_component id="oc-28a">
         <name>.debug_line</name>
         <load_address>0x29d8</load_address>
         <run_address>0x29d8</run_address>
         <size>0x80</size>
         <input_file_ref idref="fl-c"/>
      </object_component>
      <object_component id="oc-288">
         <name>.debug_line</name>
         <load_address>0x2a58</load_address>
         <run_address>0x2a58</run_address>
         <size>0x34</size>
         <input_file_ref idref="fl-c"/>
      </object_component>
      <object_component id="oc-154">
         <name>.debug_line</name>
         <load_address>0x2a8c</load_address>
         <run_address>0x2a8c</run_address>
         <size>0xb9</size>
         <input_file_ref idref="fl-c"/>
      </object_component>
      <object_component id="oc-13c">
         <name>.debug_line</name>
         <load_address>0x2b45</load_address>
         <run_address>0x2b45</run_address>
         <size>0xa7</size>
         <input_file_ref idref="fl-d"/>
      </object_component>
      <object_component id="oc-237">
         <name>.debug_line</name>
         <load_address>0x2bec</load_address>
         <run_address>0x2bec</run_address>
         <size>0x36</size>
         <input_file_ref idref="fl-e"/>
      </object_component>
      <object_component id="oc-135">
         <name>.debug_line</name>
         <load_address>0x2c22</load_address>
         <run_address>0x2c22</run_address>
         <size>0x71</size>
         <input_file_ref idref="fl-e"/>
      </object_component>
      <object_component id="oc-11a">
         <name>.debug_line</name>
         <load_address>0x2c93</load_address>
         <run_address>0x2c93</run_address>
         <size>0x34</size>
         <input_file_ref idref="fl-f"/>
      </object_component>
      <object_component id="oc-32">
         <name>.debug_line</name>
         <load_address>0x2cc7</load_address>
         <run_address>0x2cc7</run_address>
         <size>0x7e</size>
         <input_file_ref idref="fl-f"/>
      </object_component>
      <object_component id="oc-299">
         <name>.debug_line</name>
         <load_address>0x2d45</load_address>
         <run_address>0x2d45</run_address>
         <size>0xcc</size>
         <input_file_ref idref="fl-10"/>
      </object_component>
      <object_component id="oc-157">
         <name>.debug_line</name>
         <load_address>0x2e11</load_address>
         <run_address>0x2e11</run_address>
         <size>0x171</size>
         <input_file_ref idref="fl-10"/>
      </object_component>
      <object_component id="oc-2d2">
         <name>.debug_line</name>
         <load_address>0x2f82</load_address>
         <run_address>0x2f82</run_address>
         <size>0x20</size>
         <input_file_ref idref="fl-11"/>
      </object_component>
      <object_component id="oc-294">
         <name>.debug_line</name>
         <load_address>0x2fa2</load_address>
         <run_address>0x2fa2</run_address>
         <size>0x40</size>
         <input_file_ref idref="fl-11"/>
      </object_component>
      <object_component id="oc-297">
         <name>.debug_line</name>
         <load_address>0x2fe2</load_address>
         <run_address>0x2fe2</run_address>
         <size>0x40</size>
         <input_file_ref idref="fl-11"/>
      </object_component>
      <object_component id="oc-235">
         <name>.debug_line</name>
         <load_address>0x3022</load_address>
         <run_address>0x3022</run_address>
         <size>0x38</size>
         <input_file_ref idref="fl-12"/>
      </object_component>
      <object_component id="oc-160">
         <name>.debug_line</name>
         <load_address>0x305a</load_address>
         <run_address>0x305a</run_address>
         <size>0x53</size>
         <input_file_ref idref="fl-12"/>
      </object_component>
      <object_component id="oc-232">
         <name>.debug_line</name>
         <load_address>0x30ad</load_address>
         <run_address>0x30ad</run_address>
         <size>0x4a</size>
         <input_file_ref idref="fl-13"/>
      </object_component>
      <object_component id="oc-2bd">
         <name>.debug_line</name>
         <load_address>0x30f7</load_address>
         <run_address>0x30f7</run_address>
         <size>0x20</size>
         <input_file_ref idref="fl-19"/>
      </object_component>
      <object_component id="oc-f7">
         <name>.debug_line</name>
         <load_address>0x3117</load_address>
         <run_address>0x3117</run_address>
         <size>0x8e</size>
         <input_file_ref idref="fl-19"/>
      </object_component>
      <object_component id="oc-116">
         <name>.debug_line</name>
         <load_address>0x31a5</load_address>
         <run_address>0x31a5</run_address>
         <size>0x91</size>
         <input_file_ref idref="fl-19"/>
      </object_component>
      <object_component id="oc-1d9">
         <name>.debug_line</name>
         <load_address>0x3236</load_address>
         <run_address>0x3236</run_address>
         <size>0x71</size>
         <input_file_ref idref="fl-19"/>
      </object_component>
      <object_component id="oc-1d2">
         <name>.debug_line</name>
         <load_address>0x32a7</load_address>
         <run_address>0x32a7</run_address>
         <size>0x75</size>
         <input_file_ref idref="fl-19"/>
      </object_component>
      <object_component id="oc-10f">
         <name>.debug_line</name>
         <load_address>0x331c</load_address>
         <run_address>0x331c</run_address>
         <size>0x72</size>
         <input_file_ref idref="fl-19"/>
      </object_component>
      <object_component id="oc-2ca">
         <name>.debug_line</name>
         <load_address>0x338e</load_address>
         <run_address>0x338e</run_address>
         <size>0x7f</size>
         <input_file_ref idref="fl-1a"/>
      </object_component>
      <object_component id="oc-20d">
         <name>.debug_line</name>
         <load_address>0x340d</load_address>
         <run_address>0x340d</run_address>
         <size>0x94</size>
         <input_file_ref idref="fl-1a"/>
      </object_component>
      <object_component id="oc-207">
         <name>.debug_line</name>
         <load_address>0x34a1</load_address>
         <run_address>0x34a1</run_address>
         <size>0xac</size>
         <input_file_ref idref="fl-1a"/>
      </object_component>
      <object_component id="oc-280">
         <name>.debug_line</name>
         <load_address>0x354d</load_address>
         <run_address>0x354d</run_address>
         <size>0x9a</size>
         <input_file_ref idref="fl-1a"/>
      </object_component>
      <object_component id="oc-27c">
         <name>.debug_line</name>
         <load_address>0x35e7</load_address>
         <run_address>0x35e7</run_address>
         <size>0x9b</size>
         <input_file_ref idref="fl-1a"/>
      </object_component>
      <object_component id="oc-201">
         <name>.debug_line</name>
         <load_address>0x3682</load_address>
         <run_address>0x3682</run_address>
         <size>0xed</size>
         <input_file_ref idref="fl-1a"/>
      </object_component>
      <object_component id="oc-273">
         <name>.debug_line</name>
         <load_address>0x376f</load_address>
         <run_address>0x376f</run_address>
         <size>0x94</size>
         <input_file_ref idref="fl-1a"/>
      </object_component>
      <object_component id="oc-1fb">
         <name>.debug_line</name>
         <load_address>0x3803</load_address>
         <run_address>0x3803</run_address>
         <size>0xa0</size>
         <input_file_ref idref="fl-1a"/>
      </object_component>
      <object_component id="oc-1d5">
         <name>.debug_line</name>
         <load_address>0x38a3</load_address>
         <run_address>0x38a3</run_address>
         <size>0x7c</size>
         <input_file_ref idref="fl-1b"/>
      </object_component>
      <object_component id="oc-1ce">
         <name>.debug_line</name>
         <load_address>0x391f</load_address>
         <run_address>0x391f</run_address>
         <size>0x82</size>
         <input_file_ref idref="fl-1b"/>
      </object_component>
      <object_component id="oc-25d">
         <name>.debug_line</name>
         <load_address>0x39a1</load_address>
         <run_address>0x39a1</run_address>
         <size>0x82</size>
         <input_file_ref idref="fl-1b"/>
      </object_component>
      <object_component id="oc-25b">
         <name>.debug_line</name>
         <load_address>0x3a23</load_address>
         <run_address>0x3a23</run_address>
         <size>0x82</size>
         <input_file_ref idref="fl-1b"/>
      </object_component>
      <object_component id="oc-1b7">
         <name>.debug_line</name>
         <load_address>0x3aa5</load_address>
         <run_address>0x3aa5</run_address>
         <size>0x97</size>
         <input_file_ref idref="fl-1b"/>
      </object_component>
      <object_component id="oc-e4">
         <name>.debug_line</name>
         <load_address>0x3b3c</load_address>
         <run_address>0x3b3c</run_address>
         <size>0x97</size>
         <input_file_ref idref="fl-1b"/>
      </object_component>
      <object_component id="oc-d8">
         <name>.debug_line</name>
         <load_address>0x3bd3</load_address>
         <run_address>0x3bd3</run_address>
         <size>0xaf</size>
         <input_file_ref idref="fl-1b"/>
      </object_component>
      <object_component id="oc-89">
         <name>.debug_line</name>
         <load_address>0x3c82</load_address>
         <run_address>0x3c82</run_address>
         <size>0x97</size>
         <input_file_ref idref="fl-1b"/>
      </object_component>
      <object_component id="oc-85">
         <name>.debug_line</name>
         <load_address>0x3d19</load_address>
         <run_address>0x3d19</run_address>
         <size>0xc2</size>
         <input_file_ref idref="fl-1b"/>
      </object_component>
      <object_component id="oc-de">
         <name>.debug_line</name>
         <load_address>0x3ddb</load_address>
         <run_address>0x3ddb</run_address>
         <size>0xc2</size>
         <input_file_ref idref="fl-1b"/>
      </object_component>
      <object_component id="oc-12e">
         <name>.debug_line</name>
         <load_address>0x3e9d</load_address>
         <run_address>0x3e9d</run_address>
         <size>0x92</size>
         <input_file_ref idref="fl-d1"/>
      </object_component>
      <object_component id="oc-4f">
         <name>.debug_line</name>
         <load_address>0x3f2f</load_address>
         <run_address>0x3f2f</run_address>
         <size>0x4c</size>
         <input_file_ref idref="fl-d1"/>
      </object_component>
      <object_component id="oc-ae">
         <name>.debug_line</name>
         <load_address>0x3f7b</load_address>
         <run_address>0x3f7b</run_address>
         <size>0x34</size>
         <input_file_ref idref="fl-d1"/>
      </object_component>
      <object_component id="oc-12b">
         <name>.debug_line</name>
         <load_address>0x3faf</load_address>
         <run_address>0x3faf</run_address>
         <size>0x92</size>
         <input_file_ref idref="fl-d1"/>
      </object_component>
      <object_component id="oc-a9">
         <name>.debug_line</name>
         <load_address>0x4041</load_address>
         <run_address>0x4041</run_address>
         <size>0x20</size>
         <input_file_ref idref="fl-d2"/>
      </object_component>
      <object_component id="oc-1c">
         <name>.debug_line</name>
         <load_address>0x4061</load_address>
         <run_address>0x4061</run_address>
         <size>0x55</size>
         <input_file_ref idref="fl-d2"/>
      </object_component>
      <object_component id="oc-4a">
         <name>.debug_line</name>
         <load_address>0x40b6</load_address>
         <run_address>0x40b6</run_address>
         <size>0x3a</size>
         <input_file_ref idref="fl-d2"/>
      </object_component>
      <object_component id="oc-a6">
         <name>.debug_line</name>
         <load_address>0x40f0</load_address>
         <run_address>0x40f0</run_address>
         <size>0x92</size>
         <input_file_ref idref="fl-d2"/>
      </object_component>
      <object_component id="oc-127">
         <name>.debug_line</name>
         <load_address>0x4182</load_address>
         <run_address>0x4182</run_address>
         <size>0x20</size>
         <input_file_ref idref="fl-d3"/>
      </object_component>
      <object_component id="oc-1a">
         <name>.debug_line</name>
         <load_address>0x41a2</load_address>
         <run_address>0x41a2</run_address>
         <size>0xa9</size>
         <input_file_ref idref="fl-d3"/>
      </object_component>
      <object_component id="oc-3a">
         <name>.debug_line</name>
         <load_address>0x424b</load_address>
         <run_address>0x424b</run_address>
         <size>0x3a</size>
         <input_file_ref idref="fl-d3"/>
      </object_component>
      <object_component id="oc-124">
         <name>.debug_line</name>
         <load_address>0x4285</load_address>
         <run_address>0x4285</run_address>
         <size>0x9a</size>
         <input_file_ref idref="fl-d3"/>
      </object_component>
      <object_component id="oc-9f">
         <name>.debug_line</name>
         <load_address>0x431f</load_address>
         <run_address>0x431f</run_address>
         <size>0x96</size>
         <input_file_ref idref="fl-d3"/>
      </object_component>
      <object_component id="oc-72">
         <name>.debug_line</name>
         <load_address>0x43b5</load_address>
         <run_address>0x43b5</run_address>
         <size>0x33</size>
         <input_file_ref idref="fl-d4"/>
      </object_component>
      <object_component id="oc-60">
         <name>.debug_line</name>
         <load_address>0x43e8</load_address>
         <run_address>0x43e8</run_address>
         <size>0x45</size>
         <input_file_ref idref="fl-d4"/>
      </object_component>
      <object_component id="oc-43">
         <name>.debug_line</name>
         <load_address>0x442d</load_address>
         <run_address>0x442d</run_address>
         <size>0x88</size>
         <input_file_ref idref="fl-d5"/>
      </object_component>
      <object_component id="oc-2aa">
         <name>.debug_line</name>
         <load_address>0x44b5</load_address>
         <run_address>0x44b5</run_address>
         <size>0xbf</size>
         <input_file_ref idref="fl-d7"/>
      </object_component>
      <object_component id="oc-17c">
         <name>.debug_line</name>
         <load_address>0x4574</load_address>
         <run_address>0x4574</run_address>
         <size>0x6f</size>
         <input_file_ref idref="fl-d7"/>
      </object_component>
      <object_component id="oc-2ae">
         <name>.debug_line</name>
         <load_address>0x45e3</load_address>
         <run_address>0x45e3</run_address>
         <size>0x2e</size>
         <input_file_ref idref="fl-d7"/>
      </object_component>
      <object_component id="oc-2d9">
         <name>.debug_line</name>
         <load_address>0x4611</load_address>
         <run_address>0x4611</run_address>
         <size>0x9a</size>
         <input_file_ref idref="fl-d7"/>
      </object_component>
[...]
      </symbol>
      <symbol id="sm-40a">
         <name>TimerIntEnable</name>
         <value>0x233d</value>
         <object_component_ref idref="oc-74"/>
      </symbol>
      <symbol id="sm-40b">
         <name>TimerClockSourceSet</name>
         <value>0x20bb</value>
         <object_component_ref idref="oc-74"/>
      </symbol>
      <symbol id="sm-40c">
         <name>TimerLoadSet64</name>
         <value>0x21cb</value>
         <object_component_ref idref="oc-74"/>
      </symbol>
      <symbol id="sm-40d">
         <name>TimerDMAEventGet</name>
         <value>0x23e1</value>
         <object_component_ref idref="oc-74"/>
      </symbol>
      <symbol id="sm-40e">
         <name>TimerRTCDisable</name>
         <value>0x20a5</value>
         <object_component_ref idref="oc-74"/>
      </symbol>
      <symbol id="sm-40f">
         <name>TimerADCEventGet</name>
         <value>0x23c1</value>
         <object_component_ref idref="oc-74"/>
      </symbol>
      <symbol id="sm-410">
         <name>TimerPrescaleMatchSet</name>
         <value>0x213b</value>
         <object_component_ref idref="oc-74"/>
      </symbol>
      <symbol id="sm-411">
         <name>TimerControlWaitOnTrigger</name>
         <value>0x202f</value>
         <object_component_ref idref="oc-74"/>
      </symbol>
      <symbol id="sm-412">
         <name>TimerConfigure</name>
         <value>0x1eaf</value>
         <object_component_ref idref="oc-74"/>
      </symbol>
      <symbol id="sm-413">
         <name>TimerControlEvent</name>
         <value>0x1fcf</value>
         <object_component_ref idref="oc-74"/>
      </symbol>
      <symbol id="sm-414">
         <name>TimerIntClear</name>
         <value>0x238b</value>
         <object_component_ref idref="oc-74"/>
      </symbol>
      <symbol id="sm-415">
         <name>TimerSynchronize</name>
         <value>0x239d</value>
         <object_component_ref idref="oc-74"/>
      </symbol>
      <symbol id="sm-431">
         <name>ResetISR</name>
         <value>0x3de1</value>
         <object_component_ref idref="oc-27"/>
      </symbol>
      <symbol id="sm-432">
         <name>g_pfnVectors</name>
         <value>0x0</value>
         <object_component_ref idref="oc-12"/>
      </symbol>
      <symbol id="sm-4a5">
         <name>UARTClockSourceGet</name>
         <value>0x29b3</value>
         <object_component_ref idref="oc-215"/>
      </symbol>
      <symbol id="sm-4a6">
         <name>UARTCharPutNonBlocking</name>
         <value>0x2825</value>
         <object_component_ref idref="oc-215"/>
      </symbol>
      <symbol id="sm-4a7">
         <name>UARTDMAEnable</name>
         <value>0x294d</value>
         <object_component_ref idref="oc-215"/>
      </symbol>
      <symbol id="sm-4a8">
         <name>UARTTxIntModeSet</name>
         <value>0x2789</value>
         <object_component_ref idref="oc-215"/>
      </symbol>
      <symbol id="sm-4a9">
         <name>UARTFIFODisable</name>
         <value>0x2637</value>
         <object_component_ref idref="oc-215"/>
      </symbol>
      <symbol id="sm-4aa">
         <name>UARTIntUnregister</name>
         <value>0x28cd</value>
         <object_component_ref idref="oc-215"/>
      </symbol>
      <symbol id="sm-4ab">
         <name>UARTRxErrorClear</name>
         <value>0x298f</value>
         <object_component_ref idref="oc-215"/>
      </symbol>
      <symbol id="sm-4ac">
         <name>UARTModemControlSet</name>
         <value>0x26d9</value>
         <object_component_ref idref="oc-215"/>
      </symbol>
      <symbol id="sm-4ad">
         <name>UARTFlowControlSet</name>
         <value>0x275b</value>
         <object_component_ref idref="oc-215"/>
      </symbol>
      <symbol id="sm-4ae">
         <name>UARTConfigSetExpClk</name>
         <value>0x2511</value>
         <object_component_ref idref="oc-215"/>
      </symbol>
      <symbol id="sm-4af">
         <name>UARTSmartCardDisable</name>
         <value>0x26c3</value>
         <object_component_ref idref="oc-215"/>
      </symbol>
      <symbol id="sm-4b0">
         <name>UARTDisable</name>
         <value>0x25f7</value>
         <object_component_ref idref="oc-215"/>
      </symbol>
      <symbol id="sm-4b1">
         <name>UART9BitDisable</name>
         <value>0x29d9</value>
         <object_component_ref idref="oc-215"/>
      </symbol>
      <symbol id="sm-4b2">
         <name>UARTFIFOLevelGet</name>
         <value>0x24e9</value>
         <object_component_ref idref="oc-215"/>
      </symbol>
      <symbol id="sm-4b3">
         <name>UARTBusy</name>
         <value>0x2891</value>
         <object_component_ref idref="oc-215"/>
      </symbol>
      <symbol id="sm-4b4">
         <name>UARTDisableSIR</name>
         <value>0x267b</value>
         <object_component_ref idref="oc-215"/>
      </symbol>
      <symbol id="sm-4b5">
         <name>UARTLoopbackEnable</name>
         <value>0x2a5d</value>
         <object_component_ref idref="oc-215"/>
      </symbol>
      <symbol id="sm-4b6">
         <name>UARTIntEnable</name>
         <value>0x28ed</value>
         <object_component_ref idref="oc-215"/>
      </symbol>
      <symbol id="sm-4b7">
         <name>UARTCharsAvail</name>
         <value>0x27b7</value>
         <object_component_ref idref="oc-215"/>
      </symbol>
      <symbol id="sm-4b8">
         <name>UARTCharGetNonBlocking</name>
         <value>0x27f3</value>
         <object_component_ref idref="oc-215"/>
      </symbol>
      <symbol id="sm-4b9">
         <name>UARTClockSourceSet</name>
         <value>0x299f</value>
         <object_component_ref idref="oc-215"/>
      </symbol>
      <symbol id="sm-4ba">
         <name>UARTTxIntModeGet</name>
         <value>0x27a5</value>
         <object_component_ref idref="oc-215"/>
      </symbol>
      <symbol id="sm-4bb">
         <name>UARTModemStatusGet</name>
         <value>0x2747</value>
         <object_component_ref idref="oc-215"/>
      </symbol>
      <symbol id="sm-4bc">
         <name>UARTIntDisable</name>
         <value>0x2905</value>
         <object_component_ref idref="oc-215"/>
      </symbol>
      <symbol id="sm-4bd">
         <name>UARTCharPut</name>
         <value>0x2849</value>
         <object_component_ref idref="oc-215"/>
      </symbol>
      <symbol id="sm-4be">
         <name>UARTParityModeSet</name>
         <value>0x24a3</value>
         <object_component_ref idref="oc-215"/>
      </symbol>
      <symbol id="sm-4bf">
         <name>UARTRxErrorGet</name>
         <value>0x297d</value>
         <object_component_ref idref="oc-215"/>
      </symbol>
      <symbol id="sm-4c0">
         <name>UARTConfigGetExpClk</name>
         <value>0x2587</value>
         <object_component_ref idref="oc-215"/>
      </symbol>
      <symbol id="sm-4c1">
         <name>UARTEnableSIR</name>
         <value>0x264d</value>
         <object_component_ref idref="oc-215"/>
      </symbol>
      <symbol id="sm-4c2">
         <name>UARTEnable</name>
         <value>0x25d3</value>
         <object_component_ref idref="oc-215"/>
      </symbol>
      <symbol id="sm-4c3">
         <name>UART9BitAddrSend</name>
         <value>0x2a15</value>
         <object_component_ref idref="oc-215"/>
      </symbol>
      <symbol id="sm-4c4">
         <name>UARTModemControlGet</name>
         <value>0x2735</value>
         <object_component_ref idref="oc-215"/>
      </symbol>
      <symbol id="sm-4c5">
         <name>UARTSmartCardEnable</name>
         <value>0x2691</value>
         <object_component_ref idref="oc-215"/>
      </symbol>
      <symbol id="sm-4c6">
         <name>UARTFlowControlGet</name>
         <value>0x2777</value>
         <object_component_ref idref="oc-215"/>
      </symbol>
      <symbol id="sm-4c7">
         <name>UARTFIFOEnable</name>
         <value>0x2621</value>
         <object_component_ref idref="oc-215"/>
      </symbol>
      <symbol id="sm-4c8">
         <name>UARTIntClear</name>
         <value>0x293b</value>
         <object_component_ref idref="oc-215"/>
      </symbol>
      <symbol id="sm-4c9">
         <name>UARTIntStatus</name>
         <value>0x291d</value>
         <object_component_ref idref="oc-215"/>
      </symbol>
      <symbol id="sm-4ca">
         <name>UARTDMADisable</name>
         <value>0x2965</value>
         <object_component_ref idref="oc-215"/>
      </symbol>
      <symbol id="sm-4cb">
         <name>UART9BitEnable</name>
         <value>0x29c3</value>
         <object_component_ref idref="oc-215"/>
      </symbol>
      <symbol id="sm-4cc">
         <name>UARTSpaceAvail</name>
         <value>0x27d5</value>
         <object_component_ref idref="oc-215"/>
      </symbol>
      <symbol id="sm-4cd">
         <name>UARTCharGet</name>
         <value>0x280f</value>
         <object_component_ref idref="oc-215"/>
      </symbol>
      <symbol id="sm-4ce">
         <name>UARTFIFOLevelSet</name>
         <value>0x24d1</value>
         <object_component_ref idref="oc-215"/>
      </symbol>
      <symbol id="sm-4cf">
         <name>UARTModemControlClear</name>
         <value>0x2711</value>
         <object_component_ref idref="oc-215"/>
      </symbol>
      <symbol id="sm-4d0">
         <name>UARTParityModeGet</name>
         <value>0x24bf</value>
         <object_component_ref idref="oc-215"/>
      </symbol>
      <symbol id="sm-4d1">
         <name>UARTIntRegister</name>
         <value>0x28af</value>
         <object_component_ref idref="oc-215"/>
      </symbol>
      <symbol id="sm-4d2">
         <name>UARTBreakCtl</name>
         <value>0x2867</value>
         <object_component_ref idref="oc-215"/>
      </symbol>
      <symbol id="sm-4d3">
         <name>UART9BitAddrSet</name>
         <value>0x29ef</value>
         <object_component_ref idref="oc-215"/>
      </symbol>
      <symbol id="sm-4eb">
         <name>BTN_read</name>
         <value>0x3741</value>
         <object_component_ref idref="oc-143"/>
      </symbol>
      <symbol id="sm-4ec">
         <name>BTN_init</name>
         <value>0x36f5</value>
         <object_component_ref idref="oc-143"/>
      </symbol>
      <symbol id="sm-4ff">
         <name>LED_blueLight</name>
         <value>0x357d</value>
         <object_component_ref idref="oc-149"/>
      </symbol>
      <symbol id="sm-500">
         <name>LEDS_off</name>
         <value>0x3605</value>
         <object_component_ref idref="oc-149"/>
      </symbol>
      <symbol id="sm-501">
         <name>LED_whiteLight</name>
         <value>0x35e3</value>
         <object_component_ref idref="oc-149"/>
      </symbol>
      <symbol id="sm-502">
         <name>LED_config</name>
         <value>0x3561</value>
         <object_component_ref idref="oc-149"/>
      </symbol>
      <symbol id="sm-503">
         <name>LED_greenLight</name>
         <value>0x359f</value>
         <object_component_ref idref="oc-149"/>
      </symbol>
      <symbol id="sm-504">
         <name>LED_redLight</name>
         <value>0x35c1</value>
         <object_component_ref idref="oc-149"/>
      </symbol>
      <symbol id="sm-523">
         <name>ReadFromEEPROM</name>
         <value>0x37cf</value>
         <object_component_ref idref="oc-14f"/>
      </symbol>
      <symbol id="sm-524">
         <name>ClearEEPROM</name>
         <value>0x37e1</value>
         <object_component_ref idref="oc-14f"/>
      </symbol>
      <symbol id="sm-525">
         <name>WriteToEEPROM</name>
         <value>0x37bd</value>
         <object_component_ref idref="oc-14f"/>
      </symbol>
      <symbol id="sm-526">
         <name>InitEEPROM</name>
         <value>0x37a5</value>
         <object_component_ref idref="oc-14f"/>
      </symbol>
      <symbol id="sm-53d">
         <name>SPI_init</name>
         <value>0x348d</value>
         <object_component_ref idref="oc-137"/>
      </symbol>
      <symbol id="sm-53e">
         <name>SPI_receiveData</name>
         <value>0x353d</value>
         <object_component_ref idref="oc-137"/>
      </symbol>
      <symbol id="sm-53f">
         <name>SPI_sendData</name>
         <value>0x3525</value>
         <object_component_ref idref="oc-137"/>
      </symbol>
      <symbol id="sm-558">
         <name>SysTick_Handler</name>
         <value>0x3acd</value>
         <object_component_ref idref="oc-131"/>
      </symbol>
      <symbol id="sm-559">
         <name>SYSTICK_Sent_data</name>
         <value>0x20000474</value>
         <object_component_ref idref="oc-164"/>
      </symbol>
      <symbol id="sm-55a">
         <name>SYSTICK_delayMSec</name>
         <value>0x3aed</value>
         <object_component_ref idref="oc-131"/>
      </symbol>
      <symbol id="sm-55b">
         <name>SYSTICK_flag</name>
         <value>0x20000470</value>
         <object_component_ref idref="oc-164"/>
      </symbol>
      <symbol id="sm-55c">
         <name>SYSTICK_Get_data</name>
         <value>0x20000478</value>
         <object_component_ref idref="oc-164"/>
      </symbol>
      <symbol id="sm-574">
         <name>TIMER0_delayMsec</name>
         <value>0x38ef</value>
         <object_component_ref idref="oc-2d"/>
      </symbol>
      <symbol id="sm-575">
         <name>TIMER0_intHandler</name>
         <value>0x38dd</value>
         <object_component_ref idref="oc-2d"/>
      </symbol>
      <symbol id="sm-576">
         <name>Timer0_delayFlag</name>
         <value>0x20000491</value>
         <object_component_ref idref="oc-8c"/>
      </symbol>
      <symbol id="sm-5bb">
         <name>UART_receiveByte</name>
         <value>0x31e5</value>
         <object_component_ref idref="oc-155"/>
      </symbol>
      <symbol id="sm-5bc">
         <name>configure_all_uarts</name>
         <value>0x33a7</value>
         <object_component_ref idref="oc-155"/>
      </symbol>
      <symbol id="sm-5bd">
         <name>UART_config</name>
         <value>0x3219</value>
         <object_component_ref idref="oc-155"/>
      </symbol>
      <symbol id="sm-5be">
         <name>UART_sendString</name>
         <value>0x31b5</value>
         <object_component_ref idref="oc-155"/>
      </symbol>
      <symbol id="sm-5cf">
         <name>UARTS_CONFIG_array</name>
         <value>0x2000047c</value>
         <object_component_ref idref="oc-21b"/>
      </symbol>
      <symbol id="sm-5d0">
         <name>UARTS_CONFIG_numUarts</name>
         <value>0x20000488</value>
         <object_component_ref idref="oc-21e"/>
      </symbol>
      <symbol id="sm-5e4">
         <name>maintenance</name>
         <value>0x20000490</value>
         <object_component_ref idref="oc-161"/>
      </symbol>
      <symbol id="sm-5e5">
         <name>Fault_flag</name>
         <value>0x2000048f</value>
         <object_component_ref idref="oc-161"/>
      </symbol>
      <symbol id="sm-5e6">
         <name>Check_flag</name>
         <value>0x3d31</value>
         <object_component_ref idref="oc-15b"/>
      </symbol>
      <symbol id="sm-5f2">
         <name>Read_Fault</name>
         <value>0x3d4d</value>
         <object_component_ref idref="oc-22d"/>
      </symbol>
      <symbol id="sm-616">
         <name>CPUcpsie</name>
         <value>0x3dc7</value>
         <object_component_ref idref="oc-112"/>
      </symbol>
      <symbol id="sm-617">
         <name>CPUwfi</name>
         <value>0x3df3</value>
         <object_component_ref idref="oc-f6"/>
      </symbol>
      <symbol id="sm-67c">
         <name>EEPROMRead</name>
         <value>0x3c5d</value>
         <object_component_ref idref="oc-204"/>
      </symbol>
      <symbol id="sm-67d">
         <name>EEPROMProgram</name>
         <value>0x3631</value>
         <object_component_ref idref="oc-1fe"/>
      </symbol>
      <symbol id="sm-67e">
         <name>EEPROMStatusGet</name>
         <value>0x3dd5</value>
         <object_component_ref idref="oc-20a"/>
      </symbol>
      <symbol id="sm-67f">
         <name>EEPROMInit</name>
         <value>0x3be1</value>
         <object_component_ref idref="oc-1f8"/>
      </symbol>
      <symbol id="sm-6e8">
         <name>IntEnable</name>
         <value>0x3a65</value>
         <object_component_ref idref="oc-80"/>
      </symbol>
      <symbol id="sm-6e9">
         <name>IntDisable</name>
         <value>0x39fd</value>
         <object_component_ref idref="oc-db"/>
      </symbol>
      <symbol id="sm-6ea">
         <name>IntRegister</name>
         <value>0x3c95</value>
         <object_component_ref idref="oc-d5"/>
      </symbol>
      <symbol id="sm-6eb">
         <name>IntUnregister</name>
         <value>0x3d85</value>
         <object_component_ref idref="oc-e1"/>
      </symbol>
      <symbol id="sm-6ec">
         <name>g_pfnRAMVectors</name>
         <value>0x20000000</value>
         <object_component_ref idref="oc-1ad"/>
      </symbol>
      <symbol id="sm-6ed">
         <name>IntMasterEnable</name>
         <value>0x3d99</value>
         <object_component_ref idref="oc-86"/>
      </symbol>
      <symbol id="sm-706">
         <name>__TI_zero_init_nomemset</name>
         <value>0x3d69</value>
         <object_component_ref idref="oc-4d"/>
      </symbol>
      <symbol id="sm-71d">
         <name>__TI_decompress_none</name>
         <value>0x3db9</value>
         <object_component_ref idref="oc-1b"/>
      </symbol>
      <symbol id="sm-740">
         <name>__TI_decompress_lzss</name>
         <value>0x3b35</value>
         <object_component_ref idref="oc-15"/>
      </symbol>
      <symbol id="sm-753">
         <name>__stack</name>
         <value>0x20000270</value>
         <object_component_ref idref="oc-24"/>
      </symbol>
      <symbol id="sm-754">
         <name>_c_int00_noargs</name>
         <value>0x3cfd</value>
         <object_component_ref idref="oc-5f"/>
      </symbol>
      <symbol id="sm-76f">
         <name>memcpy</name>
         <value>0x3841</value>
         <object_component_ref idref="oc-41"/>
      </symbol>
      <symbol id="sm-770">
         <name>__aeabi_memcpy</name>
         <value>0x3841</value>
         <object_component_ref idref="oc-41"/>
      </symbol>
      <symbol id="sm-771">
         <name>__aeabi_memcpy8</name>
         <value>0x3841</value>
         <object_component_ref idref="oc-41"/>
      </symbol>
      <symbol id="sm-772">
         <name>__aeabi_memcpy4</name>
         <value>0x3841</value>
         <object_component_ref idref="oc-41"/>
      </symbol>
      <symbol id="sm-79b">
         <name>__TI_auto_init_nobinit_nopinit</name>
         <value>0x3b9d</value>
         <object_component_ref idref="oc-177"/>
      </symbol>
      <symbol id="sm-7a5">
         <name>_system_pre_init</name>
         <value>0x3df7</value>
         <object_component_ref idref="oc-b7"/>
      </symbol>
      <symbol id="sm-7b1">
         <name>C$$EXIT</name>
         <value>0x3dfb</value>
         <object_component_ref idref="oc-16b"/>
      </symbol>
      <symbol id="sm-7b2">
         <name>abort</name>
         <value>0x3dfb</value>
         <object_component_ref idref="oc-16b"/>
      </symbol>
      <symbol id="sm-7b5">
         <name>__TI_static_base__</name>
         <value>0x0</value>
      </symbol>
      <symbol id="sm-7b8">
         <name>__mpu_init</name>
         <value>0x0</value>
      </symbol>
      <symbol id="sm-7b9">
         <name>_system_post_cinit</name>
         <value>0x0</value>
      </symbol>
   </symbol_table>
   <title>Link successful</title>
</link_info>
