******************************************************************************
                  TI ARM Linker PC v20.2.7                     
******************************************************************************
>> Linked Fri Dec 27 17:36:19 2024

OUTPUT FILE NAME:   <SPI_Slave.out>
ENTRY POINT SYMBOL: "_c_int00_noargs"  address: 00002d59


MEMORY CONFIGURATION

         name            origin    length      used     unused   attr    fill
----------------------  --------  ---------  --------  --------  ----  --------
  FLASH                 00000000   00040000  0000341c  0003cbe4  R  X
  SRAM                  20000000   00008000  0000048f  00007b71  RW X


SEGMENT ALLOCATION MAP

run origin  load origin   length   init length attrs members
----------  ----------- ---------- ----------- ----- -------
00000000    00000000    00003420   00003420    r-x
  00000000    00000000    0000026c   0000026c    r-- .intvecs
  0000026c    0000026c    00002bf4   00002bf4    r-x .text
  00002e60    00002e60    00000584   00000584    r-- .const
  000033e8    000033e8    00000038   00000038    r-- .cinit
20000000    20000000    00000493   00000000    rw-
  20000000    20000000    0000026c   00000000    rw- .vtable
  20000270    20000270    00000200   00000000    rw- .stack
  20000470    20000470    00000023   00000000    rw- .data


SECTION ALLOCATION MAP

 output                                  attributes/
section   page    origin      length       input sections
--------  ----  ----------  ----------   ----------------
.intvecs   0    00000000    0000026c     
                  00000000    0000026c     tm4c123gh6pm_startup_ccs.obj (.intvecs)

.text      0    0000026c    00002bf4     
                  0000026c    00000f80     sysctl.obj (.text)
                  000011ec    00000c14     gpio.obj (.text)
                  00001e00    0000035a     ssi.obj (.text)
                  0000215a    00000002     driverlib.lib : interrupt.obj (.text:_IntDefaultHandler)
                  0000215c    000002bc     STATEMACHINE.obj (.text)
                  00002418    0000019c     main.obj (.text)
                  000025b4    0000014c     SPI.obj (.text)
                  00002700    000000f0     LED.obj (.text)
                  000027f0    000000d4     TIMER1.obj (.text)
                  000028c4    0000009c     rtsv7M4_T_le_v4SPD16_eabi.lib : memcpy_t2.asm.obj (.text)
                  00002960    00000098     Timer0.obj (.text)
                  000029f8    00000088     systick.obj (.text)
                  00002a80    0000007c     SYSTICKS.obj (.text)
                  00002afc    00000068     driverlib.lib : interrupt.obj (.text:IntDisable)
                  00002b64    00000068                   : interrupt.obj (.text:IntEnable)
                  00002bcc    00000068     rtsv7M4_T_le_v4SPD16_eabi.lib : copy_decompress_lzss.c.obj (.text:decompress:lzss:__TI_decompress_lzss)
                  00002c34    00000060     driverlib.lib : timer.obj (.text:TimerConfigure)
                  00002c94    0000004c                   : timer.obj (.text:_TimerIntNumberGet)
                  00002ce0    00000044     rtsv7M4_T_le_v4SPD16_eabi.lib : autoinit.c.obj (.text:__TI_auto_init_nobinit_nopinit:__TI_auto_init_nobinit_nopinit)
                  00002d24    00000034     driverlib.lib : interrupt.obj (.text:IntRegister)
                  00002d58    00000034     rtsv7M4_T_le_v4SPD16_eabi.lib : boot_cortex_m.c.obj (.text:_c_int00_noargs:_c_int00_noargs)
                  00002d8c    0000001c                                   : copy_zero_init.c.obj (.text:decompress:ZI:__TI_zero_init_nomemset:__TI_zero_init_nomemset)
                  00002da8    00000018     driverlib.lib : timer.obj (.text:TimerDisable)
                  00002dc0    00000018                   : timer.obj (.text:TimerIntRegister)
                  00002dd8    00000014                   : interrupt.obj (.text:IntUnregister)
                  00002dec    00000012                   : timer.obj (.text:TimerLoadSet)
                  00002dfe    00000010                   : interrupt.obj (.text:IntMasterEnable)
                  00002e0e    0000000e                   : timer.obj (.text:TimerEnable)
                  00002e1c    0000000e     rtsv7M4_T_le_v4SPD16_eabi.lib : copy_decompress_none.c.obj (.text:decompress:none:__TI_decompress_none)
                  00002e2a    0000000c     driverlib.lib : cpu.obj (.text:CPUcpsie)
                  00002e36    0000000c     tm4c123gh6pm_startup_ccs.obj (.text)
                  00002e42    00000008     driverlib.lib : timer.obj (.text:TimerIntEnable)
                  00002e4a    00000006     sysctl.obj (.text:SysCtlDelay)
                  00002e50    00000004     driverlib.lib : cpu.obj (.text:CPUwfi)
                  00002e54    00000004                   : timer.obj (.text:TimerIntClear)
                  00002e58    00000004     rtsv7M4_T_le_v4SPD16_eabi.lib : pre_init.c.obj (.text:_system_pre_init)
                  00002e5c    00000004                                   : exit.c.obj (.text:abort:abort)

.const     0    00002e60    00000584     
                  00002e60    000001b0     sysctl.obj (.const:g_pppui32XTALtoVCO)
                  00003010    000000d8     gpio.obj (.const:g_ppui32GPIOIntMapSnowflake)
                  000030e8    000000c0     gpio.obj (.const:g_ppui32GPIOIntMapBlizzard)
                  000031a8    00000090     gpio.obj (.const:g_pui32GPIOBaseAddrs)
                  00003238    0000006c     sysctl.obj (.const:g_pui32Xtals)
                  000032a4    00000060     driverlib.lib : timer.obj (.const:g_ppui32TimerIntMap)
                  00003304    00000040                   : timer.obj (.const:g_ppui32TimerIntMapSnowflake)
                  00003344    00000030     sysctl.obj (.const:g_sXTALtoMEMTIM)
                  00003374    00000020     ssi.obj (.const:g_ppui32SSIIntMap)
                  00003394    00000020     ssi.obj (.const:g_ppui32SSIIntMapSnowflake)
                  000033b4    00000014     driverlib.lib : interrupt.obj (.const:g_pui32Dii16Regs)
                  000033c8    00000014                   : interrupt.obj (.const:g_pui32EnRegs)
                  000033dc    00000008     sysctl.obj (.const:g_pui32VCOFrequencies)

.cinit     0    000033e8    00000038     
                  000033e8    00000011     (.cinit..data.load) [load image, compression = lzss]
                  000033f9    00000003     --HOLE-- [fill = 0]
                  000033fc    0000000c     (__TI_handler_table)
                  00003408    00000008     (.cinit..vtable.load) [load image, compression = zero_init]
                  00003410    00000010     (__TI_cinit_table)

.init_array 
*          0    00000000    00000000     UNINITIALIZED

.vtable    0    20000000    0000026c     UNINITIALIZED
                  20000000    0000026c     driverlib.lib : interrupt.obj (.vtable)

.data      0    20000470    00000023     UNINITIALIZED
                  20000470    00000014     SPI.obj (.data)
                  20000484    0000000d     SYSTICKS.obj (.data)
                  20000491    00000001     TIMER1.obj (.data)
                  20000492    00000001     Timer0.obj (.data)

.stack     0    20000270    00000200     UNINITIALIZED
                  20000270    00000004     rtsv7M4_T_le_v4SPD16_eabi.lib : boot_cortex_m.c.obj (.stack)
                  20000274    000001fc     --HOLE--

__llvm_prf_cnts 
*          0    20000000    00000000     UNINITIALIZED

MODULE SUMMARY

       Module                         code    ro data   rw data
       ------                         ----    -------   -------
    .\
       sysctl.obj                     3974    596       0      
       gpio.obj                       3092    552       0      
       ssi.obj                        858     64        0      
       tm4c123gh6pm_startup_ccs.obj   12      620       0      
       main.obj                       412     0         0      
       systick.obj                    136     0         0      
    +--+------------------------------+-------+---------+---------+
       Total:                         8484    1832      0      
                                                               
    .\HAL\
       STATEMACHINE.obj               700     0         0      
       LED.obj                        240     0         0      
    +--+------------------------------+-------+---------+---------+
       Total:                         940     0         0      
                                                               
    .\MCAL\
       SPI.obj                        332     0         20     
       TIMER1.obj                     212     0         1      
       Timer0.obj                     152     0         1      
       SYSTICKS.obj                   124     0         13     
    +--+------------------------------+-------+---------+---------+
       Total:                         820     0         35     
                                                               
    ../driverlib.lib
       interrupt.obj                  298     40        620    
       timer.obj                      264     160       0      
       cpu.obj                        16      0         0      
    +--+------------------------------+-------+---------+---------+
       Total:                         578     200       620    
                                                               
    C:\ti\ccs1281\ccs\tools\compiler\ti-cgt-arm_20.2.7.LTS\lib\rtsv7M4_T_le_v4SPD16_eabi.lib
       memcpy_t2.asm.obj              156     0         0      
       copy_decompress_lzss.c.obj     104     0         0      
       autoinit.c.obj                 68      0         0      
       boot_cortex_m.c.obj            52      0         0      
       copy_zero_init.c.obj           28      0         0      
       copy_decompress_none.c.obj     14      0         0      
       exit.c.obj                     4       0         0      
       pre_init.c.obj                 4       0         0      
    +--+------------------------------+-------+---------+---------+
       Total:                         430     0         0      
                                                               
       Stack:                         0       0         512    
       Linker Generated:              0       53        0      
    +--+------------------------------+-------+---------+---------+
       Grand Total:                   11252   2085      1167   


LINKER GENERATED COPY TABLES

__TI_cinit_table @ 00003410 records: 2, size/record: 8, table size: 16
	.data: load addr=000033e8, load size=00000011 bytes, run addr=20000470, run size=00000023 bytes, compression=lzss
	.vtable: load addr=00003408, load size=00000008 bytes, run addr=20000000, run size=0000026c bytes, compression=zero_init


LINKER GENERATED HANDLER TABLE

__TI_handler_table @ 000033fc records: 3, size/record: 4, table size: 12
	index: 0, handler: __TI_zero_init
	index: 1, handler: __TI_decompress_lzss
	index: 2, handler: __TI_decompress_none


GLOBAL SYMBOLS: SORTED ALPHABETICALLY BY Name 

address   name                            
-------   ----                            
00002e5d  C$$EXIT                         
00002e2b  CPUcpsie                        
00002e51  CPUwfi                          
00002295  Clockwise                       
0000215d  CounterClockwise                
00001db1  GPIOADCTriggerDisable           
00001d93  GPIOADCTriggerEnable            
00001d75  GPIODMATriggerDisable           
00001d57  GPIODMATriggerEnable            
000012a7  GPIODirModeGet                  
0000124b  GPIODirModeSet                  
00001861  GPIOIntClear                    
00001825  GPIOIntDisable                  
00001801  GPIOIntEnable                   
00001875  GPIOIntRegister                 
000018ad  GPIOIntRegisterPin              
0000183f  GPIOIntStatus                   
00001397  GPIOIntTypeGet                  
000012f3  GPIOIntTypeSet                  
00001893  GPIOIntUnregister               
000018db  GPIOIntUnregisterPin            
0000168f  GPIOPadConfigGet                
00001421  GPIOPadConfigSet                
00001cf9  GPIOPinConfigure                
000018ff  GPIOPinRead                     
00001937  GPIOPinTypeADC                  
0000195b  GPIOPinTypeCAN                  
0000197f  GPIOPinTypeComparator           
000019a3  GPIOPinTypeComparatorOutput     
000019c7  GPIOPinTypeDIVSCLK              
000019eb  GPIOPinTypeEPI                  
00001a0f  GPIOPinTypeEthernetLED          
00001a33  GPIOPinTypeEthernetMII          
00001a57  GPIOPinTypeGPIOInput            
00001a7b  GPIOPinTypeGPIOOutput           
00001aa5  GPIOPinTypeGPIOOutputOD         
00001ac9  GPIOPinTypeHibernateRTCCLK      
00001aed  GPIOPinTypeI2C                  
00001b11  GPIOPinTypeI2CSCL               
00001b35  GPIOPinTypeLCD                  
00001b59  GPIOPinTypeOneWire              
00001b7d  GPIOPinTypePWM                  
00001ba1  GPIOPinTypeQEI                  
00001bc5  GPIOPinTypeSSI                  
00001be9  GPIOPinTypeTimer                
00001c0d  GPIOPinTypeTrace                
00001c31  GPIOPinTypeUART                 
00001c55  GPIOPinTypeUSBAnalog            
00001c79  GPIOPinTypeUSBDigital           
00001c9d  GPIOPinTypeWakeHigh             
00001cc3  GPIOPinTypeWakeLow              
00001ce9  GPIOPinWakeStatus               
00001917  GPIOPinWrite                    
00001dcf  GPIOUnlockPin                   
000023cd  Initial_State                   
00002afd  IntDisable                      
00002b65  IntEnable                       
00002dff  IntMasterEnable                 
00002d25  IntRegister                     
00002dd9  IntUnregister                   
000027bd  LEDS_off                        
00002735  LED_blueLight                   
00002701  LED_config                      
00002757  LED_greenLight                  
00002779  LED_redLight                    
0000279b  LED_whiteLight                  
00002e37  ResetISR                        
20000478  SPI_counterccw                  
2000047c  SPI_countercw                   
20000480  SPI_counterinitial              
000025b5  SPI_init                        
20000470  SPI_lostconnectionflag          
00002665  SPI_receiveData                 
0000264d  SPI_sendData                    
000020b1  SSIAdvDataPutFrameEnd           
000020d7  SSIAdvDataPutFrameEndNonBlocking
00002119  SSIAdvFrameHoldDisable          
00002103  SSIAdvFrameHoldEnable           
00002081  SSIAdvModeSet                   
0000203f  SSIBusy                         
00002071  SSIClockSourceGet               
0000205d  SSIClockSourceSet               
00001e5f  SSIConfigSetExpClk              
00002027  SSIDMADisable                   
0000200f  SSIDMAEnable                    
00001fd1  SSIDataGet                      
00001fed  SSIDataGetNonBlocking           
00001f9d  SSIDataPut                      
00001fb1  SSIDataPutNonBlocking           
00001eef  SSIDisable                      
00001ed9  SSIEnable                       
00001f8b  SSIIntClear                     
00001f55  SSIIntDisable                   
00001f3d  SSIIntEnable                    
00001f05  SSIIntRegister                  
00001f6d  SSIIntStatus                    
00001f23  SSIIntUnregister                
00002145  SSILoopbackDisable              
0000212f  SSILoopbackEnable               
2000048c  SYSTICK_currentState            
20000484  SYSTICK_data                    
00002a99  SYSTICK_delayMSec               
20000488  SYSTICK_flag                    
20000490  SYSTICK_flagConnection          
20000489  SYSTICK_isr_flag                
000011a9  SysCtlAltClkConfig              
000008d1  SysCtlClockFreqSet              
00000d99  SysCtlClockGet                  
0000118d  SysCtlClockOutConfig            
00000bc9  SysCtlClockSet                  
000007d5  SysCtlDeepSleep                 
00000f5d  SysCtlDeepSleepClockConfigSet   
00000f3f  SysCtlDeepSleepClockSet         
000007b5  SysCtlDeepSleepPowerSet         
00002e4b  SysCtlDelay                     
00000363  SysCtlFlashSectorSizeGet        
00000337  SysCtlFlashSizeGet              
00001033  SysCtlGPIOAHBDisable            
00001017  SysCtlGPIOAHBEnable             
00000749  SysCtlIntClear                  
00000731  SysCtlIntDisable                
0000071d  SysCtlIntEnable                 
000006f5  SysCtlIntRegister               
00000759  SysCtlIntStatus                 
0000070d  SysCtlIntUnregister             
0000079b  SysCtlLDODeepSleepGet           
0000078b  SysCtlLDODeepSleepSet           
00000785  SysCtlLDOSleepGet               
00000775  SysCtlLDOSleepSet               
0000080b  SysCtlMOSCConfigSet             
00001171  SysCtlNMIClear                  
0000115d  SysCtlNMIStatus                 
00000821  SysCtlPIOSCCalibrate            
00001001  SysCtlPWMClockGet               
00000fe7  SysCtlPWMClockSet               
000006a1  SysCtlPeripheralClockGating     
00000659  SysCtlPeripheralDeepSleepDisable
00000609  SysCtlPeripheralDeepSleepEnable 
00000545  SysCtlPeripheralDisable         
00000509  SysCtlPeripheralEnable          
00000445  SysCtlPeripheralPowerOff        
00000409  SysCtlPeripheralPowerOn         
00000389  SysCtlPeripheralPresent         
000003c9  SysCtlPeripheralReady           
00000481  SysCtlPeripheralReset           
000005cd  SysCtlPeripheralSleepDisable    
00000589  SysCtlPeripheralSleepEnable     
000007c5  SysCtlReset                     
00000881  SysCtlResetBehaviorGet          
00000871  SysCtlResetBehaviorSet          
000007f7  SysCtlResetCauseClear           
000007f1  SysCtlResetCauseGet             
0000032d  SysCtlSRAMSizeGet               
000007cd  SysCtlSleep                     
000007a1  SysCtlSleepPowerSet             
0000105b  SysCtlUSBPLLDisable             
0000104f  SysCtlUSBPLLEnable              
000010a1  SysCtlVCOGet                    
00001089  SysCtlVoltageEventClear         
0000106d  SysCtlVoltageEventConfig        
0000107d  SysCtlVoltageEventStatus        
00002a05  SysTickDisable                  
000029f9  SysTickEnable                   
00002a49  SysTickIntDisable               
00002a3d  SysTickIntEnable                
00002a11  SysTickIntRegister              
00002a29  SysTickIntUnregister            
00002a67  SysTickPeriodGet                
00002a55  SysTickPeriodSet                
00002a6f  SysTickValueGet                 
00002a81  SysTick_Handler                 
00002973  TIMER0_delayMsec                
00002961  TIMER0_intHandler               
00002869  TIMER1_clear                    
20000491  TIMER1_delayFlag                
00002803  TIMER1_delayMsecInterrupt       
000027f1  TIMER1_intHandler               
000028a3  TIMER1_start                    
20000492  Timer0_delayFlag                
00002c35  TimerConfigure                  
00002da9  TimerDisable                    
00002e0f  TimerEnable                     
00002e55  TimerIntClear                   
00002e43  TimerIntEnable                  
00002dc1  TimerIntRegister                
00002ded  TimerLoadSet                    
20000470  __STACK_END                     
00000200  __STACK_SIZE                    
20000470  __STACK_TOP                     
00003410  __TI_CINIT_Base                 
00003420  __TI_CINIT_Limit                
000033fc  __TI_Handler_Table_Base         
00003408  __TI_Handler_Table_Limit        
00002ce1  __TI_auto_init_nobinit_nopinit  
00002bcd  __TI_decompress_lzss            
00002e1d  __TI_decompress_none            
ffffffff  __TI_pprof_out_hndl             
ffffffff  __TI_prof_data_size             
ffffffff  __TI_prof_data_start            
00000000  __TI_static_base__              
00002d8d  __TI_zero_init_nomemset         
000028c5  __aeabi_memcpy                  
000028c5  __aeabi_memcpy4                 
000028c5  __aeabi_memcpy8                 
ffffffff  __binit__                       
ffffffff  __c_args__                      
UNDEFED   __mpu_init                      
20000270  __stack                         
20000000  __start___llvm_prf_cnts         
20000000  __stop___llvm_prf_cnts          
00002d59  _c_int00_noargs                 
UNDEFED   _system_post_cinit              
00002e59  _system_pre_init                
00002e5d  abort                           
ffffffff  binit                           
20000474  g_counterspi                    
20000000  g_pfnRAMVectors                 
00000000  g_pfnVectors                    
000023e9  idle_state                      
0000250b  main                            
000024a9  main_initialization             
00002419  main_schaduler                  
000028c5  memcpy                          


GLOBAL SYMBOLS: SORTED BY Symbol Address 

address   name                            
-------   ----                            
00000000  __TI_static_base__              
00000000  g_pfnVectors                    
00000200  __STACK_SIZE                    
0000032d  SysCtlSRAMSizeGet               
00000337  SysCtlFlashSizeGet              
00000363  SysCtlFlashSectorSizeGet        
00000389  SysCtlPeripheralPresent         
000003c9  SysCtlPeripheralReady           
00000409  SysCtlPeripheralPowerOn         
00000445  SysCtlPeripheralPowerOff        
00000481  SysCtlPeripheralReset           
00000509  SysCtlPeripheralEnable          
00000545  SysCtlPeripheralDisable         
00000589  SysCtlPeripheralSleepEnable     
000005cd  SysCtlPeripheralSleepDisable    
00000609  SysCtlPeripheralDeepSleepEnable 
00000659  SysCtlPeripheralDeepSleepDisable
000006a1  SysCtlPeripheralClockGating     
000006f5  SysCtlIntRegister               
0000070d  SysCtlIntUnregister             
0000071d  SysCtlIntEnable                 
00000731  SysCtlIntDisable                
00000749  SysCtlIntClear                  
00000759  SysCtlIntStatus                 
00000775  SysCtlLDOSleepSet               
00000785  SysCtlLDOSleepGet               
0000078b  SysCtlLDODeepSleepSet           
0000079b  SysCtlLDODeepSleepGet           
000007a1  SysCtlSleepPowerSet             
000007b5  SysCtlDeepSleepPowerSet         
000007c5  SysCtlReset                     
000007cd  SysCtlSleep                     
000007d5  SysCtlDeepSleep                 
000007f1  SysCtlResetCauseGet             
000007f7  SysCtlResetCauseClear           
0000080b  SysCtlMOSCConfigSet             
00000821  SysCtlPIOSCCalibrate            
00000871  SysCtlResetBehaviorSet          
00000881  SysCtlResetBehaviorGet          
000008d1  SysCtlClockFreqSet              
00000bc9  SysCtlClockSet                  
00000d99  SysCtlClockGet                  
00000f3f  SysCtlDeepSleepClockSet         
00000f5d  SysCtlDeepSleepClockConfigSet   
00000fe7  SysCtlPWMClockSet               
00001001  SysCtlPWMClockGet               
00001017  SysCtlGPIOAHBEnable             
00001033  SysCtlGPIOAHBDisable            
0000104f  SysCtlUSBPLLEnable              
0000105b  SysCtlUSBPLLDisable             
0000106d  SysCtlVoltageEventConfig        
0000107d  SysCtlVoltageEventStatus        
00001089  SysCtlVoltageEventClear         
000010a1  SysCtlVCOGet                    
0000115d  SysCtlNMIStatus                 
00001171  SysCtlNMIClear                  
0000118d  SysCtlClockOutConfig            
000011a9  SysCtlAltClkConfig              
0000124b  GPIODirModeSet                  
000012a7  GPIODirModeGet                  
000012f3  GPIOIntTypeSet                  
00001397  GPIOIntTypeGet                  
00001421  GPIOPadConfigSet                
0000168f  GPIOPadConfigGet                
00001801  GPIOIntEnable                   
00001825  GPIOIntDisable                  
0000183f  GPIOIntStatus                   
00001861  GPIOIntClear                    
00001875  GPIOIntRegister                 
00001893  GPIOIntUnregister               
000018ad  GPIOIntRegisterPin              
000018db  GPIOIntUnregisterPin            
000018ff  GPIOPinRead                     
00001917  GPIOPinWrite                    
00001937  GPIOPinTypeADC                  
0000195b  GPIOPinTypeCAN                  
0000197f  GPIOPinTypeComparator           
000019a3  GPIOPinTypeComparatorOutput     
000019c7  GPIOPinTypeDIVSCLK              
000019eb  GPIOPinTypeEPI                  
00001a0f  GPIOPinTypeEthernetLED          
00001a33  GPIOPinTypeEthernetMII          
00001a57  GPIOPinTypeGPIOInput            
00001a7b  GPIOPinTypeGPIOOutput           
00001aa5  GPIOPinTypeGPIOOutputOD         
00001ac9  GPIOPinTypeHibernateRTCCLK      
00001aed  GPIOPinTypeI2C                  
00001b11  GPIOPinTypeI2CSCL               
00001b35  GPIOPinTypeLCD                  
00001b59  GPIOPinTypeOneWire              
00001b7d  GPIOPinTypePWM                  
00001ba1  GPIOPinTypeQEI                  
00001bc5  GPIOPinTypeSSI                  
00001be9  GPIOPinTypeTimer                
00001c0d  GPIOPinTypeTrace                
00001c31  GPIOPinTypeUART                 
00001c55  GPIOPinTypeUSBAnalog            
00001c79  GPIOPinTypeUSBDigital           
00001c9d  GPIOPinTypeWakeHigh             
00001cc3  GPIOPinTypeWakeLow              
00001ce9  GPIOPinWakeStatus               
00001cf9  GPIOPinConfigure                
00001d57  GPIODMATriggerEnable            
00001d75  GPIODMATriggerDisable           
00001d93  GPIOADCTriggerEnable            
00001db1  GPIOADCTriggerDisable           
00001dcf  GPIOUnlockPin                   
00001e5f  SSIConfigSetExpClk              
00001ed9  SSIEnable                       
00001eef  SSIDisable                      
00001f05  SSIIntRegister                  
00001f23  SSIIntUnregister                
00001f3d  SSIIntEnable                    
00001f55  SSIIntDisable                   
00001f6d  SSIIntStatus                    
00001f8b  SSIIntClear                     
00001f9d  SSIDataPut                      
00001fb1  SSIDataPutNonBlocking           
00001fd1  SSIDataGet                      
00001fed  SSIDataGetNonBlocking           
0000200f  SSIDMAEnable                    
00002027  SSIDMADisable                   
0000203f  SSIBusy                         
0000205d  SSIClockSourceSet               
00002071  SSIClockSourceGet               
00002081  SSIAdvModeSet                   
000020b1  SSIAdvDataPutFrameEnd           
000020d7  SSIAdvDataPutFrameEndNonBlocking
00002103  SSIAdvFrameHoldEnable           
00002119  SSIAdvFrameHoldDisable          
0000212f  SSILoopbackEnable               
00002145  SSILoopbackDisable              
0000215d  CounterClockwise                
00002295  Clockwise                       
000023cd  Initial_State                   
000023e9  idle_state                      
00002419  main_schaduler                  
000024a9  main_initialization             
0000250b  main                            
000025b5  SPI_init                        
0000264d  SPI_sendData                    
00002665  SPI_receiveData                 
00002701  LED_config                      
00002735  LED_blueLight                   
00002757  LED_greenLight                  
00002779  LED_redLight                    
0000279b  LED_whiteLight                  
000027bd  LEDS_off                        
000027f1  TIMER1_intHandler               
00002803  TIMER1_delayMsecInterrupt       
00002869  TIMER1_clear                    
000028a3  TIMER1_start                    
000028c5  __aeabi_memcpy                  
000028c5  __aeabi_memcpy4                 
000028c5  __aeabi_memcpy8                 
000028c5  memcpy                          
00002961  TIMER0_intHandler               
00002973  TIMER0_delayMsec                
000029f9  SysTickEnable                   
00002a05  SysTickDisable                  
00002a11  SysTickIntRegister              
00002a29  SysTickIntUnregister            
00002a3d  SysTickIntEnable                
00002a49  SysTickIntDisable               
00002a55  SysTickPeriodSet                
00002a67  SysTickPeriodGet                
00002a6f  SysTickValueGet                 
00002a81  SysTick_Handler                 
00002a99  SYSTICK_delayMSec               
00002afd  IntDisable                      
00002b65  IntEnable                       
00002bcd  __TI_decompress_lzss            
00002c35  TimerConfigure                  
00002ce1  __TI_auto_init_nobinit_nopinit  
00002d25  IntRegister                     
00002d59  _c_int00_noargs                 
00002d8d  __TI_zero_init_nomemset         
00002da9  TimerDisable                    
00002dc1  TimerIntRegister                
00002dd9  IntUnregister                   
00002ded  TimerLoadSet                    
00002dff  IntMasterEnable                 
00002e0f  TimerEnable                     
00002e1d  __TI_decompress_none            
00002e2b  CPUcpsie                        
00002e37  ResetISR                        
00002e43  TimerIntEnable                  
00002e4b  SysCtlDelay                     
00002e51  CPUwfi                          
00002e55  TimerIntClear                   
00002e59  _system_pre_init                
00002e5d  C$$EXIT                         
00002e5d  abort                           
000033fc  __TI_Handler_Table_Base         
00003408  __TI_Handler_Table_Limit        
00003410  __TI_CINIT_Base                 
00003420  __TI_CINIT_Limit                
20000000  __start___llvm_prf_cnts         
20000000  __stop___llvm_prf_cnts          
20000000  g_pfnRAMVectors                 
20000270  __stack                         
20000470  SPI_lostconnectionflag          
20000470  __STACK_END                     
20000470  __STACK_TOP                     
20000474  g_counterspi                    
20000478  SPI_counterccw                  
2000047c  SPI_countercw                   
20000480  SPI_counterinitial              
20000484  SYSTICK_data                    
20000488  SYSTICK_flag                    
20000489  SYSTICK_isr_flag                
2000048c  SYSTICK_currentState            
20000490  SYSTICK_flagConnection          
20000491  TIMER1_delayFlag                
20000492  Timer0_delayFlag                
ffffffff  __TI_pprof_out_hndl             
ffffffff  __TI_prof_data_size             
ffffffff  __TI_prof_data_start            
ffffffff  __binit__                       
ffffffff  __c_args__                      
ffffffff  binit                           
UNDEFED   __mpu_init                      
UNDEFED   _system_post_cinit              

[223 symbols]
